Archive member included to satisfy reference by file (symbol)

C:/ST/STM32CubeIDE_1.15.1/STM32CubeIDE/plugins/com.st.stm32cube.ide.mcu.externaltools.gnu-tools-for-stm32.12.3.rel1.win32_1.0.100.202403111256/tools/bin/../lib/gcc/arm-none-eabi/12.3.1/../../../../arm-none-eabi/lib/thumb/v7e-m+fp/hard\libc_nano.a(libc_a-exit.o)
                              C:/ST/STM32CubeIDE_1.15.1/STM32CubeIDE/plugins/com.st.stm32cube.ide.mcu.externaltools.gnu-tools-for-stm32.12.3.rel1.win32_1.0.100.202403111256/tools/bin/../lib/gcc/arm-none-eabi/12.3.1/../../../../arm-none-eabi/lib/thumb/v7e-m+fp/hard/crt0.o (exit)
C:/ST/STM32CubeIDE_1.15.1/STM32CubeIDE/plugins/com.st.stm32cube.ide.mcu.externaltools.gnu-tools-for-stm32.12.3.rel1.win32_1.0.100.202403111256/tools/bin/../lib/gcc/arm-none-eabi/12.3.1/../../../../arm-none-eabi/lib/thumb/v7e-m+fp/hard\libc_nano.a(libc_a-findfp.o)
                              C:/ST/STM32CubeIDE_1.15.1/STM32CubeIDE/plugins/com.st.stm32cube.ide.mcu.externaltools.gnu-tools-for-stm32.12.3.rel1.win32_1.0.100.202403111256/tools/bin/../lib/gcc/arm-none-eabi/12.3.1/../../../../arm-none-eabi/lib/thumb/v7e-m+fp/hard\libc_nano.a(libc_a-exit.o) (__stdio_exit_handler)
C:/ST/STM32CubeIDE_1.15.1/STM32CubeIDE/plugins/com.st.stm32cube.ide.mcu.externaltools.gnu-tools-for-stm32.12.3.rel1.win32_1.0.100.202403111256/tools/bin/../lib/gcc/arm-none-eabi/12.3.1/../../../../arm-none-eabi/lib/thumb/v7e-m+fp/hard\libc_nano.a(libc_a-fwalk.o)
                              C:/ST/STM32CubeIDE_1.15.1/STM32CubeIDE/plugins/com.st.stm32cube.ide.mcu.externaltools.gnu-tools-for-stm32.12.3.rel1.win32_1.0.100.202403111256/tools/bin/../lib/gcc/arm-none-eabi/12.3.1/../../../../arm-none-eabi/lib/thumb/v7e-m+fp/hard\libc_nano.a(libc_a-findfp.o) (_fwalk_sglue)
C:/ST/STM32CubeIDE_1.15.1/STM32CubeIDE/plugins/com.st.stm32cube.ide.mcu.externaltools.gnu-tools-for-stm32.12.3.rel1.win32_1.0.100.202403111256/tools/bin/../lib/gcc/arm-none-eabi/12.3.1/../../../../arm-none-eabi/lib/thumb/v7e-m+fp/hard\libc_nano.a(libc_a-sprintf.o)
                              ./Core/Src/main.o (sprintf)
C:/ST/STM32CubeIDE_1.15.1/STM32CubeIDE/plugins/com.st.stm32cube.ide.mcu.externaltools.gnu-tools-for-stm32.12.3.rel1.win32_1.0.100.202403111256/tools/bin/../lib/gcc/arm-none-eabi/12.3.1/../../../../arm-none-eabi/lib/thumb/v7e-m+fp/hard\libc_nano.a(libc_a-stdio.o)
                              C:/ST/STM32CubeIDE_1.15.1/STM32CubeIDE/plugins/com.st.stm32cube.ide.mcu.externaltools.gnu-tools-for-stm32.12.3.rel1.win32_1.0.100.202403111256/tools/bin/../lib/gcc/arm-none-eabi/12.3.1/../../../../arm-none-eabi/lib/thumb/v7e-m+fp/hard\libc_nano.a(libc_a-findfp.o) (__sread)
C:/ST/STM32CubeIDE_1.15.1/STM32CubeIDE/plugins/com.st.stm32cube.ide.mcu.externaltools.gnu-tools-for-stm32.12.3.rel1.win32_1.0.100.202403111256/tools/bin/../lib/gcc/arm-none-eabi/12.3.1/../../../../arm-none-eabi/lib/thumb/v7e-m+fp/hard\libc_nano.a(libc_a-memset.o)
                              C:/ST/STM32CubeIDE_1.15.1/STM32CubeIDE/plugins/com.st.stm32cube.ide.mcu.externaltools.gnu-tools-for-stm32.12.3.rel1.win32_1.0.100.202403111256/tools/bin/../lib/gcc/arm-none-eabi/12.3.1/../../../../arm-none-eabi/lib/thumb/v7e-m+fp/hard/crt0.o (memset)
C:/ST/STM32CubeIDE_1.15.1/STM32CubeIDE/plugins/com.st.stm32cube.ide.mcu.externaltools.gnu-tools-for-stm32.12.3.rel1.win32_1.0.100.202403111256/tools/bin/../lib/gcc/arm-none-eabi/12.3.1/../../../../arm-none-eabi/lib/thumb/v7e-m+fp/hard\libc_nano.a(libc_a-closer.o)
                              C:/ST/STM32CubeIDE_1.15.1/STM32CubeIDE/plugins/com.st.stm32cube.ide.mcu.externaltools.gnu-tools-for-stm32.12.3.rel1.win32_1.0.100.202403111256/tools/bin/../lib/gcc/arm-none-eabi/12.3.1/../../../../arm-none-eabi/lib/thumb/v7e-m+fp/hard\libc_nano.a(libc_a-stdio.o) (_close_r)
C:/ST/STM32CubeIDE_1.15.1/STM32CubeIDE/plugins/com.st.stm32cube.ide.mcu.externaltools.gnu-tools-for-stm32.12.3.rel1.win32_1.0.100.202403111256/tools/bin/../lib/gcc/arm-none-eabi/12.3.1/../../../../arm-none-eabi/lib/thumb/v7e-m+fp/hard\libc_nano.a(libc_a-reent.o)
                              C:/ST/STM32CubeIDE_1.15.1/STM32CubeIDE/plugins/com.st.stm32cube.ide.mcu.externaltools.gnu-tools-for-stm32.12.3.rel1.win32_1.0.100.202403111256/tools/bin/../lib/gcc/arm-none-eabi/12.3.1/../../../../arm-none-eabi/lib/thumb/v7e-m+fp/hard\libc_nano.a(libc_a-closer.o) (errno)
C:/ST/STM32CubeIDE_1.15.1/STM32CubeIDE/plugins/com.st.stm32cube.ide.mcu.externaltools.gnu-tools-for-stm32.12.3.rel1.win32_1.0.100.202403111256/tools/bin/../lib/gcc/arm-none-eabi/12.3.1/../../../../arm-none-eabi/lib/thumb/v7e-m+fp/hard\libc_nano.a(libc_a-impure.o)
                              C:/ST/STM32CubeIDE_1.15.1/STM32CubeIDE/plugins/com.st.stm32cube.ide.mcu.externaltools.gnu-tools-for-stm32.12.3.rel1.win32_1.0.100.202403111256/tools/bin/../lib/gcc/arm-none-eabi/12.3.1/../../../../arm-none-eabi/lib/thumb/v7e-m+fp/hard\libc_nano.a(libc_a-sprintf.o) (_impure_ptr)
[...]
Memory Configuration

Name             Origin             Length             Attributes
RAM              0x20000000         0x00020000         xrw
FLASH            0x08000000         0x00080000         xr
*default*        0x00000000         0xffffffff

Linker script and memory map

LOAD C:/ST/STM32CubeIDE_1.15.1/STM32CubeIDE/plugins/com.st.stm32cube.ide.mcu.externaltools.gnu-tools-for-stm32.12.3.rel1.win32_1.0.100.202403111256/tools/bin/../lib/gcc/arm-none-eabi/12.3.1/thumb/v7e-m+fp/hard/crti.o
LOAD C:/ST/STM32CubeIDE_1.15.1/STM32CubeIDE/plugins/com.st.stm32cube.ide.mcu.externaltools.gnu-tools-for-stm32.12.3.rel1.win32_1.0.100.202403111256/tools/bin/../lib/gcc/arm-none-eabi/12.3.1/thumb/v7e-m+fp/hard/crtbegin.o
LOAD C:/ST/STM32CubeIDE_1.15.1/STM32CubeIDE/plugins/com.st.stm32cube.ide.mcu.externaltools.gnu-tools-for-stm32.12.3.rel1.win32_1.0.100.202403111256/tools/bin/../lib/gcc/arm-none-eabi/12.3.1/../../../../arm-none-eabi/lib/thumb/v7e-m+fp/hard/crt0.o
LOAD ./Core/Src/NRF24.o
LOAD ./Core/Src/main.o
LOAD ./Core/Src/stm32f4xx_hal_msp.o
LOAD ./Core/Src/stm32f4xx_it.o
LOAD ./Core/Src/syscalls.o
LOAD ./Core/Src/sysmem.o
LOAD ./Core/Src/system_stm32f4xx.o
LOAD ./Core/Startup/startup_stm32f411ceux.o
LOAD ./Drivers/STM32F4xx_HAL_Driver/Src/stm32f4xx_hal.o
LOAD ./Drivers/STM32F4xx_HAL_Driver/Src/stm32f4xx_hal_adc.o
LOAD ./Drivers/STM32F4xx_HAL_Driver/Src/stm32f4xx_hal_adc_ex.o
LOAD ./Drivers/STM32F4xx_HAL_Driver/Src/stm32f4xx_hal_cortex.o
LOAD ./Drivers/STM32F4xx_HAL_Driver/Src/stm32f4xx_hal_dma.o
LOAD ./Drivers/STM32F4xx_HAL_Driver/Src/stm32f4xx_hal_dma_ex.o
LOAD ./Drivers/STM32F4xx_HAL_Driver/Src/stm32f4xx_hal_exti.o
LOAD ./Drivers/STM32F4xx_HAL_Driver/Src/stm32f4xx_hal_flash.o
LOAD ./Drivers/STM32F4xx_HAL_Driver/Src/stm32f4xx_hal_flash_ex.o
LOAD ./Drivers/STM32F4xx_HAL_Driver/Src/stm32f4xx_hal_flash_ramfunc.o
LOAD ./Drivers/STM32F4xx_HAL_Driver/Src/stm32f4xx_hal_gpio.o
LOAD ./Drivers/STM32F4xx_HAL_Driver/Src/stm32f4xx_hal_pwr.o
LOAD ./Drivers/STM32F4xx_HAL_Driver/Src/stm32f4xx_hal_pwr_ex.o
LOAD ./Drivers/STM32F4xx_HAL_Driver/Src/stm32f4xx_hal_rcc.o
LOAD ./Drivers/STM32F4xx_HAL_Driver/Src/stm32f4xx_hal_rcc_ex.o
LOAD ./Drivers/STM32F4xx_HAL_Driver/Src/stm32f4xx_hal_spi.o
LOAD ./Drivers/STM32F4xx_HAL_Driver/Src/stm32f4xx_hal_tim.o
LOAD ./Drivers/STM32F4xx_HAL_Driver/Src/stm32f4xx_hal_tim_ex.o
LOAD ./Drivers/STM32F4xx_HAL_Driver/Src/stm32f4xx_hal_uart.o
LOAD ./Drivers/STM32F4xx_HAL_Driver/Src/stm32f4xx_ll_adc.o
START GROUP
LOAD C:/ST/STM32CubeIDE_1.15.1/STM32CubeIDE/plugins/com.st.stm32cube.ide.mcu.externaltools.gnu-tools-for-stm32.12.3.rel1.win32_1.0.100.202403111256/tools/bin/../lib/gcc/arm-none-eabi/12.3.1/../../../../arm-none-eabi/lib/thumb/v7e-m+fp/hard\libc_nano.a
LOAD C:/ST/STM32CubeIDE_1.15.1/STM32CubeIDE/plugins/com.st.stm32cube.ide.mcu.externaltools.gnu-tools-for-stm32.12.3.rel1.win32_1.0.100.202403111256/tools/bin/../lib/gcc/arm-none-eabi/12.3.1/../../../../arm-none-eabi/lib/thumb/v7e-m+fp/hard\libm.a
END GROUP
START GROUP
LOAD C:/ST/STM32CubeIDE_1.15.1/STM32CubeIDE/plugins/com.st.stm32cube.ide.mcu.externaltools.gnu-tools-for-stm32.12.3.rel1.win32_1.0.100.202403111256/tools/bin/../lib/gcc/arm-none-eabi/12.3.1/thumb/v7e-m+fp/hard\libgcc.a
LOAD C:/ST/STM32CubeIDE_1.15.1/STM32CubeIDE/plugins/com.st.stm32cube.ide.mcu.externaltools.gnu-tools-for-stm32.12.3.rel1.win32_1.0.100.202403111256/tools/bin/../lib/gcc/arm-none-eabi/12.3.1/../../../../arm-none-eabi/lib/thumb/v7e-m+fp/hard\libc_nano.a
END GROUP
START GROUP
LOAD C:/ST/STM32CubeIDE_1.15.1/STM32CubeIDE/plugins/com.st.stm32cube.ide.mcu.externaltools.gnu-tools-for-stm32.12.3.rel1.win32_1.0.100.202403111256/tools/bin/../lib/gcc/arm-none-eabi/12.3.1/thumb/v7e-m+fp/hard\libgcc.a
LOAD C:/ST/STM32CubeIDE_1.15.1/STM32CubeIDE/plugins/com.st.stm32cube.ide.mcu.externaltools.gnu-tools-for-stm32.12.3.rel1.win32_1.0.100.202403111256/tools/bin/../lib/gcc/arm-none-eabi/12.3.1/../../../../arm-none-eabi/lib/thumb/v7e-m+fp/hard\libc_nano.a
LOAD C:/ST/STM32CubeIDE_1.15.1/STM32CubeIDE/plugins/com.st.stm32cube.ide.mcu.externaltools.gnu-tools-for-stm32.12.3.rel1.win32_1.0.100.202403111256/tools/bin/../lib/gcc/arm-none-eabi/12.3.1/../../../../arm-none-eabi/lib/thumb/v7e-m+fp/hard\libnosys.a
END GROUP
START GROUP
LOAD C:/ST/STM32CubeIDE_1.15.1/STM32CubeIDE/plugins/com.st.stm32cube.ide.mcu.externaltools.gnu-tools-for-stm32.12.3.rel1.win32_1.0.100.202403111256/tools/bin/../lib/gcc/arm-none-eabi/12.3.1/thumb/v7e-m+fp/hard\libgcc.a
LOAD C:/ST/STM32CubeIDE_1.15.1/STM32CubeIDE/plugins/com.st.stm32cube.ide.mcu.externaltools.gnu-tools-for-stm32.12.3.rel1.win32_1.0.100.202403111256/tools/bin/../lib/gcc/arm-none-eabi/12.3.1/../../../../arm-none-eabi/lib/thumb/v7e-m+fp/hard\libc_nano.a
LOAD C:/ST/STM32CubeIDE_1.15.1/STM32CubeIDE/plugins/com.st.stm32cube.ide.mcu.externaltools.gnu-tools-for-stm32.12.3.rel1.win32_1.0.100.202403111256/tools/bin/../lib/gcc/arm-none-eabi/12.3.1/../../../../arm-none-eabi/lib/thumb/v7e-m+fp/hard\libnosys.a
END GROUP
LOAD C:/ST/STM32CubeIDE_1.15.1/STM32CubeIDE/plugins/com.st.stm32cube.ide.mcu.externaltools.gnu-tools-for-stm32.12.3.rel1.win32_1.0.100.202403111256/tools/bin/../lib/gcc/arm-none-eabi/12.3.1/thumb/v7e-m+fp/hard/crtend.o
LOAD C:/ST/STM32CubeIDE_1.15.1/STM32CubeIDE/plugins/com.st.stm32cube.ide.mcu.externaltools.gnu-tools-for-stm32.12.3.rel1.win32_1.0.100.202403111256/tools/bin/../lib/gcc/arm-none-eabi/12.3.1/thumb/v7e-m+fp/hard/crtn.o
                0x20020000                        _estack = (ORIGIN (RAM) + LENGTH (RAM))
                0x00000200                        _Min_Heap_Size = 0x200
                0x00000400                        _Min_Stack_Size = 0x400

.isr_vector     0x08000000      0x198
                0x08000000                        . = ALIGN (0x4)
 *(.isr_vector)
 .isr_vector    0x08000000      0x198 ./Core/Startup/startup_stm32f411ceux.o
                0x08000000                g_pfnVectors
                0x08000198                        . = ALIGN (0x4)

.text           0x080001a0     0x6980
                0x080001a0                        . = ALIGN (0x4)
 *(.text)
 .text          0x080001a0       0x40 C:/ST/STM32CubeIDE_1.15.1/STM32CubeIDE/plugins/com.st.stm32cube.ide.mcu.externaltools.gnu-tools-for-stm32.12.3.rel1.win32_1.0.100.202403111256/tools/bin/../lib/gcc/arm-none-eabi/12.3.1/thumb/v7e-m+fp/hard/crtbegin.o
 .text          0x080001e0       0xa0 C:/ST/STM32CubeIDE_1.15.1/STM32CubeIDE/plugins/com.st.stm32cube.ide.mcu.externaltools.gnu-tools-for-stm32.12.3.rel1.win32_1.0.100.202403111256/tools/bin/../lib/gcc/arm-none-eabi/12.3.1/../../../../arm-none-eabi/lib/thumb/v7e-m+fp/hard\libc_nano.a(libc_a-memchr.o)
                0x080001e0                memchr
 .text          0x08000280       0x30 C:/ST/STM32CubeIDE_1.15.1/STM32CubeIDE/plugins/com.st.stm32cube.ide.mcu.externaltools.gnu-tools-for-stm32.12.3.rel1.win32_1.0.100.202403111256/tools/bin/../lib/gcc/arm-none-eabi/12.3.1/thumb/v7e-m+fp/hard\libgcc.a(_aeabi_uldivmod.o)
                0x08000280                __aeabi_uldivmod
 .text          0x080002b0      0x2bc C:/ST/STM32CubeIDE_1.15.1/STM32CubeIDE/plugins/com.st.stm32cube.ide.mcu.externaltools.gnu-tools-for-stm32.12.3.rel1.win32_1.0.100.202403111256/tools/bin/../lib/gcc/arm-none-eabi/12.3.1/thumb/v7e-m+fp/hard\libgcc.a(_udivmoddi4.o)
                0x080002b0                __udivmoddi4
 .text          0x0800056c        0x4 C:/ST/STM32CubeIDE_1.15.1/STM32CubeIDE/plugins/com.st.stm32cube.ide.mcu.externaltools.gnu-tools-for-stm32.12.3.rel1.win32_1.0.100.202403111256/tools/bin/../lib/gcc/arm-none-eabi/12.3.1/thumb/v7e-m+fp/hard\libgcc.a(_dvmd_tls.o)
                0x0800056c                __aeabi_idiv0
                0x0800056c                __aeabi_ldiv0
 *(.text*)
 .text.csn_high
                0x08000570       0x18 ./Core/Src/NRF24.o
                0x08000570                csn_high
 .text.csn_low  0x08000588       0x18 ./Core/Src/NRF24.o
                0x08000588                csn_low
 .text.ce_high  0x080005a0       0x18 ./Core/Src/NRF24.o
                0x080005a0                ce_high
 .text.ce_low   0x080005b8       0x18 ./Core/Src/NRF24.o
                0x080005b8                ce_low
 .text.nrf24_w_reg
                0x080005d0       0x50 ./Core/Src/NRF24.o
                0x080005d0                nrf24_w_reg
 .text.nrf24_r_reg
                0x08000620       0x50 ./Core/Src/NRF24.o
                0x08000620                nrf24_r_reg
 .text.nrf24_w_spec_cmd
                0x08000670       0x24 ./Core/Src/NRF24.o
                0x08000670                nrf24_w_spec_cmd
 .text.nrf24_pwr_up
                0x08000694       0x34 ./Core/Src/NRF24.o
                0x08000694                nrf24_pwr_up
 .text.nrf24_tx_pwr
                0x080006c8       0x4c ./Core/Src/NRF24.o
                0x080006c8                nrf24_tx_pwr
 .text.nrf24_data_rate
                0x08000714       0x5c ./Core/Src/NRF24.o
                0x08000714                nrf24_data_rate
 .text.nrf24_set_channel
                0x08000770       0x1e ./Core/Src/NRF24.o
                0x08000770                nrf24_set_channel
 .text.nrf24_open_tx_pipe
                0x0800078e       0x1a ./Core/Src/NRF24.o
                0x0800078e                nrf24_open_tx_pipe
 .text.nrf24_pipe_pld_size
                0x080007a8       0x9c ./Core/Src/NRF24.o
                0x080007a8                nrf24_pipe_pld_size
 .text.nrf24_open_rx_pipe
                0x08000844       0xdc ./Core/Src/NRF24.o
                0x08000844                nrf24_open_rx_pipe
 .text.nrf24_set_crc
                0x08000920       0x58 ./Core/Src/NRF24.o
                0x08000920                nrf24_set_crc
 .text.nrf24_flush_tx
                0x08000978       0x16 ./Core/Src/NRF24.o
                0x08000978                nrf24_flush_tx
 .text.nrf24_flush_rx
                0x0800098e       0x16 ./Core/Src/NRF24.o
                0x0800098e                nrf24_flush_rx
 .text.nrf24_r_status
                0x080009a4       0x38 ./Core/Src/NRF24.o
                0x080009a4                nrf24_r_status
 .text.nrf24_clear_rx_dr
                0x080009dc       0x30 ./Core/Src/NRF24.o
                0x080009dc                nrf24_clear_rx_dr
 .text.nrf24_clear_tx_ds
                0x08000a0c       0x30 ./Core/Src/NRF24.o
                0x08000a0c                nrf24_clear_tx_ds
 .text.nrf24_clear_max_rt
                0x08000a3c       0x30 ./Core/Src/NRF24.o
                0x08000a3c                nrf24_clear_max_rt
 .text.nrf24_listen
                0x08000a6c       0x38 ./Core/Src/NRF24.o
                0x08000a6c                nrf24_listen
 .text.nrf24_stop_listen
                0x08000aa4       0x34 ./Core/Src/NRF24.o
                0x08000aa4                nrf24_stop_listen
 .text.nrf24_transmit
                0x08000ad8       0x74 ./Core/Src/NRF24.o
                0x08000ad8                nrf24_transmit
 .text.nrf24_data_available
                0x08000b4c       0x2a ./Core/Src/NRF24.o
                0x08000b4c                nrf24_data_available
 *fill*         0x08000b76        0x2 
 .text.nrf24_receive
                0x08000b78       0x48 ./Core/Src/NRF24.o
                0x08000b78                nrf24_receive
 .text.nrf24_init
                0x08000bc0       0x20 ./Core/Src/NRF24.o
                0x08000bc0                nrf24_init
 .text.nrf_packet_received
                0x08000be0       0xa0 ./Core/Src/main.o
                0x08000be0                nrf_packet_received
 .text.HAL_TIM_PeriodElapsedCallback
                0x08000c80       0xbc ./Core/Src/main.o
                0x08000c80                HAL_TIM_PeriodElapsedCallback
 .text.HAL_ADC_ConvHalfCpltCallback
                0x08000d3c       0x70 ./Core/Src/main.o
                0x08000d3c                HAL_ADC_ConvHalfCpltCallback
 .text.HAL_ADC_ConvCpltCallback
                0x08000dac       0x78 ./Core/Src/main.o
                0x08000dac                HAL_ADC_ConvCpltCallback
 .text.HAL_GPIO_EXTI_Callback
                0x08000e24       0x44 ./Core/Src/main.o
                0x08000e24                HAL_GPIO_EXTI_Callback
 .text.main     0x08000e68      0x260 ./Core/Src/main.o
                0x08000e68                main
 .text.SystemClock_Config
                0x080010c8       0xd0 ./Core/Src/main.o
                0x080010c8                SystemClock_Config
 .text.MX_ADC1_Init
                0x08001198       0xa4 ./Core/Src/main.o
 .text.MX_SPI1_Init
                0x0800123c       0x6c ./Core/Src/main.o
 .text.MX_TIM1_Init
                0x080012a8      0x104 ./Core/Src/main.o
 .text.MX_TIM2_Init
                0x080013ac       0x98 ./Core/Src/main.o
 .text.MX_USART2_UART_Init
                0x08001444       0x54 ./Core/Src/main.o
 .text.MX_DMA_Init
                0x08001498       0x40 ./Core/Src/main.o
 .text.MX_GPIO_Init
                0x080014d8      0x124 ./Core/Src/main.o
 .text.Error_Handler
                0x080015fc        0xc ./Core/Src/main.o
                0x080015fc                Error_Handler
 .text.HAL_MspInit
                0x08001608       0x50 ./Core/Src/stm32f4xx_hal_msp.o
                0x08001608                HAL_MspInit
 .text.HAL_ADC_MspInit
                0x08001658       0xf0 ./Core/Src/stm32f4xx_hal_msp.o
                0x08001658                HAL_ADC_MspInit
 .text.HAL_SPI_MspInit
                0x08001748       0xa0 ./Core/Src/stm32f4xx_hal_msp.o
                0x08001748                HAL_SPI_MspInit
 .text.HAL_TIM_PWM_MspInit
                0x080017e8       0x44 ./Core/Src/stm32f4xx_hal_msp.o
                0x080017e8                HAL_TIM_PWM_MspInit
 .text.HAL_TIM_Base_MspInit
                0x0800182c       0x4c ./Core/Src/stm32f4xx_hal_msp.o
                0x0800182c                HAL_TIM_Base_MspInit
 .text.HAL_TIM_MspPostInit
                0x08001878       0x74 ./Core/Src/stm32f4xx_hal_msp.o
                0x08001878                HAL_TIM_MspPostInit
 .text.HAL_UART_MspInit
                0x080018ec       0x90 ./Core/Src/stm32f4xx_hal_msp.o
                0x080018ec                HAL_UART_MspInit
 .text.NMI_Handler
                0x0800197c        0x8 ./Core/Src/stm32f4xx_it.o
                0x0800197c                NMI_Handler
 .text.HardFault_Handler
                0x08001984        0x8 ./Core/Src/stm32f4xx_it.o
                0x08001984                HardFault_Handler
 .text.MemManage_Handler
                0x0800198c        0x8 ./Core/Src/stm32f4xx_it.o
                0x0800198c                MemManage_Handler
 .text.BusFault_Handler
                0x08001994        0x8 ./Core/Src/stm32f4xx_it.o
                0x08001994                BusFault_Handler
 .text.UsageFault_Handler
                0x0800199c        0x8 ./Core/Src/stm32f4xx_it.o
                0x0800199c                UsageFault_Handler
 .text.SVC_Handler
                0x080019a4        0xe ./Core/Src/stm32f4xx_it.o
                0x080019a4                SVC_Handler
 .text.DebugMon_Handler
                0x080019b2        0xe ./Core/Src/stm32f4xx_it.o
                0x080019b2                DebugMon_Handler
 .text.PendSV_Handler
                0x080019c0        0xe ./Core/Src/stm32f4xx_it.o
                0x080019c0                PendSV_Handler
 .text.SysTick_Handler
                0x080019ce        0xc ./Core/Src/stm32f4xx_it.o
                0x080019ce                SysTick_Handler
 .text.EXTI4_IRQHandler
                0x080019da        0xe ./Core/Src/stm32f4xx_it.o
                0x080019da                EXTI4_IRQHandler
 .text.TIM2_IRQHandler
                0x080019e8       0x14 ./Core/Src/stm32f4xx_it.o
                0x080019e8                TIM2_IRQHandler
 .text.SPI1_IRQHandler
                0x080019fc       0x14 ./Core/Src/stm32f4xx_it.o
                0x080019fc                SPI1_IRQHandler
 .text.EXTI15_10_IRQHandler
                0x08001a10       0x10 ./Core/Src/stm32f4xx_it.o
                0x08001a10                EXTI15_10_IRQHandler
 .text.DMA2_Stream0_IRQHandler
                0x08001a20       0x14 ./Core/Src/stm32f4xx_it.o
                0x08001a20                DMA2_Stream0_IRQHandler
 .text._sbrk    0x08001a34       0x6c ./Core/Src/sysmem.o
                0x08001a34                _sbrk
 .text.SystemInit
                0x08001aa0       0x24 ./Core/Src/system_stm32f4xx.o
                0x08001aa0                SystemInit
 .text.Reset_Handler
                0x08001ac4       0x50 ./Core/Startup/startup_stm32f411ceux.o
                0x08001ac4                Reset_Handler
 .text.Default_Handler
                0x08001b14        0x2 ./Core/Startup/startup_stm32f411ceux.o
                0x08001b14                RTC_Alarm_IRQHandler
                0x08001b14                EXTI2_IRQHandler
                0x08001b14                SPI4_IRQHandler
                0x08001b14                TIM1_CC_IRQHandler
                0x08001b14                DMA2_Stream5_IRQHandler
                0x08001b14                DMA1_Stream5_IRQHandler
                0x08001b14                PVD_IRQHandler
                0x08001b14                SDIO_IRQHandler
                0x08001b14                TAMP_STAMP_IRQHandler
                0x08001b14                EXTI3_IRQHandler
                0x08001b14                TIM1_UP_TIM10_IRQHandler
                0x08001b14                I2C3_ER_IRQHandler
                0x08001b14                EXTI0_IRQHandler
                0x08001b14                I2C2_EV_IRQHandler
                0x08001b14                DMA1_Stream2_IRQHandler
                0x08001b14                FPU_IRQHandler
                0x08001b14                DMA2_Stream2_IRQHandler
                0x08001b14                TIM1_BRK_TIM9_IRQHandler
                0x08001b14                DMA2_Stream3_IRQHandler
                0x08001b14                USART6_IRQHandler
                0x08001b14                TIM4_IRQHandler
                0x08001b14                I2C1_EV_IRQHandler
                0x08001b14                DMA1_Stream6_IRQHandler
                0x08001b14                DMA1_Stream1_IRQHandler
                0x08001b14                TIM3_IRQHandler
                0x08001b14                RCC_IRQHandler
                0x08001b14                Default_Handler
                0x08001b14                ADC_IRQHandler
                0x08001b14                DMA1_Stream7_IRQHandler
                0x08001b14                SPI5_IRQHandler
                0x08001b14                TIM5_IRQHandler
                0x08001b14                DMA2_Stream7_IRQHandler
                0x08001b14                I2C3_EV_IRQHandler
                0x08001b14                EXTI9_5_IRQHandler
                0x08001b14                RTC_WKUP_IRQHandler
                0x08001b14                SPI2_IRQHandler
                0x08001b14                DMA1_Stream0_IRQHandler
                0x08001b14                WWDG_IRQHandler
                0x08001b14                OTG_FS_WKUP_IRQHandler
                0x08001b14                TIM1_TRG_COM_TIM11_IRQHandler
                0x08001b14                EXTI1_IRQHandler
                0x08001b14                USART2_IRQHandler
                0x08001b14                I2C2_ER_IRQHandler
                0x08001b14                DMA2_Stream1_IRQHandler
                0x08001b14                FLASH_IRQHandler
                0x08001b14                DMA2_Stream4_IRQHandler
                0x08001b14                USART1_IRQHandler
                0x08001b14                OTG_FS_IRQHandler
                0x08001b14                SPI3_IRQHandler
                0x08001b14                DMA1_Stream4_IRQHandler
                0x08001b14                I2C1_ER_IRQHandler
                0x08001b14                DMA2_Stream6_IRQHandler
                0x08001b14                DMA1_Stream3_IRQHandler
 *fill*         0x08001b16        0x2 
 .text.HAL_Init
                0x08001b18       0x44 ./Drivers/STM32F4xx_HAL_Driver/Src/stm32f4xx_hal.o
                0x08001b18                HAL_Init
 .text.HAL_InitTick
                0x08001b5c       0x60 ./Drivers/STM32F4xx_HAL_Driver/Src/stm32f4xx_hal.o
                0x08001b5c                HAL_InitTick
 .text.HAL_IncTick
                0x08001bbc       0x28 ./Drivers/STM32F4xx_HAL_Driver/Src/stm32f4xx_hal.o
                0x08001bbc                HAL_IncTick
 .text.HAL_GetTick
                0x08001be4       0x18 ./Drivers/STM32F4xx_HAL_Driver/Src/stm32f4xx_hal.o
                0x08001be4                HAL_GetTick
 .text.HAL_Delay
                0x08001bfc       0x48 ./Drivers/STM32F4xx_HAL_Driver/Src/stm32f4xx_hal.o
                0x08001bfc                HAL_Delay
 .text.HAL_ADC_Init
                0x08001c44       0x86 ./Drivers/STM32F4xx_HAL_Driver/Src/stm32f4xx_hal_adc.o
                0x08001c44                HAL_ADC_Init
 *fill*         0x08001cca        0x2 
 .text.HAL_ADC_Start_DMA
                0x08001ccc      0x1e0 ./Drivers/STM32F4xx_HAL_Driver/Src/stm32f4xx_hal_adc.o
                0x08001ccc                HAL_ADC_Start_DMA
 .text.HAL_ADC_Stop_DMA
                0x08001eac       0xb4 ./Drivers/STM32F4xx_HAL_Driver/Src/stm32f4xx_hal_adc.o
                0x08001eac                HAL_ADC_Stop_DMA
 .text.HAL_ADC_ErrorCallback
                0x08001f60       0x14 ./Drivers/STM32F4xx_HAL_Driver/Src/stm32f4xx_hal_adc.o
                0x08001f60                HAL_ADC_ErrorCallback
 .text.HAL_ADC_ConfigChannel
                0x08001f74      0x264 ./Drivers/STM32F4xx_HAL_Driver/Src/stm32f4xx_hal_adc.o
                0x08001f74                HAL_ADC_ConfigChannel
 .text.ADC_Init
                0x080021d8      0x1f8 ./Drivers/STM32F4xx_HAL_Driver/Src/stm32f4xx_hal_adc.o
 .text.ADC_DMAConvCplt
                0x080023d0       0xba ./Drivers/STM32F4xx_HAL_Driver/Src/stm32f4xx_hal_adc.o
 .text.ADC_DMAHalfConvCplt
                0x0800248a       0x1c ./Drivers/STM32F4xx_HAL_Driver/Src/stm32f4xx_hal_adc.o
 .text.ADC_DMAError
                0x080024a6       0x2e ./Drivers/STM32F4xx_HAL_Driver/Src/stm32f4xx_hal_adc.o
 .text.__NVIC_SetPriorityGrouping
                0x080024d4       0x48 ./Drivers/STM32F4xx_HAL_Driver/Src/stm32f4xx_hal_cortex.o
 .text.__NVIC_GetPriorityGrouping
                0x0800251c       0x1c ./Drivers/STM32F4xx_HAL_Driver/Src/stm32f4xx_hal_cortex.o
 .text.__NVIC_EnableIRQ
                0x08002538       0x3c ./Drivers/STM32F4xx_HAL_Driver/Src/stm32f4xx_hal_cortex.o
 .text.__NVIC_SetPriority
                0x08002574       0x54 ./Drivers/STM32F4xx_HAL_Driver/Src/stm32f4xx_hal_cortex.o
 .text.NVIC_EncodePriority
                0x080025c8       0x66 ./Drivers/STM32F4xx_HAL_Driver/Src/stm32f4xx_hal_cortex.o
 *fill*         0x0800262e        0x2 
 .text.SysTick_Config
                0x08002630       0x44 ./Drivers/STM32F4xx_HAL_Driver/Src/stm32f4xx_hal_cortex.o
 .text.HAL_NVIC_SetPriorityGrouping
                0x08002674       0x16 ./Drivers/STM32F4xx_HAL_Driver/Src/stm32f4xx_hal_cortex.o
                0x08002674                HAL_NVIC_SetPriorityGrouping
 .text.HAL_NVIC_SetPriority
                0x0800268a       0x38 ./Drivers/STM32F4xx_HAL_Driver/Src/stm32f4xx_hal_cortex.o
                0x0800268a                HAL_NVIC_SetPriority
 .text.HAL_NVIC_EnableIRQ
                0x080026c2       0x1c ./Drivers/STM32F4xx_HAL_Driver/Src/stm32f4xx_hal_cortex.o
                0x080026c2                HAL_NVIC_EnableIRQ
 .text.HAL_SYSTICK_Config
                0x080026de       0x18 ./Drivers/STM32F4xx_HAL_Driver/Src/stm32f4xx_hal_cortex.o
                0x080026de                HAL_SYSTICK_Config
 *fill*         0x080026f6        0x2 
 .text.HAL_DMA_Init
                0x080026f8      0x15c ./Drivers/STM32F4xx_HAL_Driver/Src/stm32f4xx_hal_dma.o
                0x080026f8                HAL_DMA_Init
 .text.HAL_DMA_Start_IT
                0x08002854       0xb0 ./Drivers/STM32F4xx_HAL_Driver/Src/stm32f4xx_hal_dma.o
                0x08002854                HAL_DMA_Start_IT
 .text.HAL_DMA_Abort
                0x08002904       0xe0 ./Drivers/STM32F4xx_HAL_Driver/Src/stm32f4xx_hal_dma.o
                0x08002904                HAL_DMA_Abort
 .text.HAL_DMA_Abort_IT
                0x080029e4       0x44 ./Drivers/STM32F4xx_HAL_Driver/Src/stm32f4xx_hal_dma.o
                0x080029e4                HAL_DMA_Abort_IT
 .text.HAL_DMA_IRQHandler
                0x08002a28      0x314 ./Drivers/STM32F4xx_HAL_Driver/Src/stm32f4xx_hal_dma.o
                0x08002a28                HAL_DMA_IRQHandler
 .text.DMA_SetConfig
                0x08002d3c       0x5c ./Drivers/STM32F4xx_HAL_Driver/Src/stm32f4xx_hal_dma.o
 .text.DMA_CalcBaseAndBitshift
                0x08002d98       0x6c ./Drivers/STM32F4xx_HAL_Driver/Src/stm32f4xx_hal_dma.o
 .text.DMA_CheckFifoParam
                0x08002e04       0xf8 ./Drivers/STM32F4xx_HAL_Driver/Src/stm32f4xx_hal_dma.o
 .text.HAL_GPIO_Init
                0x08002efc      0x308 ./Drivers/STM32F4xx_HAL_Driver/Src/stm32f4xx_hal_gpio.o
                0x08002efc                HAL_GPIO_Init
 .text.HAL_GPIO_WritePin
                0x08003204       0x32 ./Drivers/STM32F4xx_HAL_Driver/Src/stm32f4xx_hal_gpio.o
                0x08003204                HAL_GPIO_WritePin
 *fill*         0x08003236        0x2 
 .text.HAL_GPIO_EXTI_IRQHandler
                0x08003238       0x30 ./Drivers/STM32F4xx_HAL_Driver/Src/stm32f4xx_hal_gpio.o
                0x08003238                HAL_GPIO_EXTI_IRQHandler
 .text.HAL_RCC_OscConfig
                0x08003268      0x4f0 ./Drivers/STM32F4xx_HAL_Driver/Src/stm32f4xx_hal_rcc.o
                0x08003268                HAL_RCC_OscConfig
 .text.HAL_RCC_ClockConfig
                0x08003758      0x1cc ./Drivers/STM32F4xx_HAL_Driver/Src/stm32f4xx_hal_rcc.o
                0x08003758                HAL_RCC_ClockConfig
 .text.HAL_RCC_GetSysClockFreq
                0x08003924      0x18c ./Drivers/STM32F4xx_HAL_Driver/Src/stm32f4xx_hal_rcc.o
                0x08003924                HAL_RCC_GetSysClockFreq
 .text.HAL_RCC_GetHCLKFreq
                0x08003ab0       0x18 ./Drivers/STM32F4xx_HAL_Driver/Src/stm32f4xx_hal_rcc.o
                0x08003ab0                HAL_RCC_GetHCLKFreq
 .text.HAL_RCC_GetPCLK1Freq
                0x08003ac8       0x28 ./Drivers/STM32F4xx_HAL_Driver/Src/stm32f4xx_hal_rcc.o
                0x08003ac8                HAL_RCC_GetPCLK1Freq
 .text.HAL_RCC_GetPCLK2Freq
                0x08003af0       0x28 ./Drivers/STM32F4xx_HAL_Driver/Src/stm32f4xx_hal_rcc.o
                0x08003af0                HAL_RCC_GetPCLK2Freq
 .text.HAL_SPI_Init
                0x08003b18      0x112 ./Drivers/STM32F4xx_HAL_Driver/Src/stm32f4xx_hal_spi.o
                0x08003b18                HAL_SPI_Init
 .text.HAL_SPI_Transmit
                0x08003c2a      0x286 ./Drivers/STM32F4xx_HAL_Driver/Src/stm32f4xx_hal_spi.o
                0x08003c2a                HAL_SPI_Transmit
 .text.HAL_SPI_Receive
                0x08003eb0      0x230 ./Drivers/STM32F4xx_HAL_Driver/Src/stm32f4xx_hal_spi.o
                0x08003eb0                HAL_SPI_Receive
 .text.HAL_SPI_TransmitReceive
                0x080040e0      0x360 ./Drivers/STM32F4xx_HAL_Driver/Src/stm32f4xx_hal_spi.o
                0x080040e0                HAL_SPI_TransmitReceive
 .text.HAL_SPI_IRQHandler
                0x08004440      0x1e8 ./Drivers/STM32F4xx_HAL_Driver/Src/stm32f4xx_hal_spi.o
                0x08004440                HAL_SPI_IRQHandler
 .text.HAL_SPI_ErrorCallback
                0x08004628       0x14 ./Drivers/STM32F4xx_HAL_Driver/Src/stm32f4xx_hal_spi.o
                0x08004628                HAL_SPI_ErrorCallback
 .text.SPI_DMAAbortOnError
                0x0800463c       0x28 ./Drivers/STM32F4xx_HAL_Driver/Src/stm32f4xx_hal_spi.o
 .text.SPI_WaitFlagStateUntilTimeout
                0x08004664      0x110 ./Drivers/STM32F4xx_HAL_Driver/Src/stm32f4xx_hal_spi.o
 .text.SPI_EndRxTransaction
                0x08004774       0xca ./Drivers/STM32F4xx_HAL_Driver/Src/stm32f4xx_hal_spi.o
 *fill*         0x0800483e        0x2 
 .text.SPI_EndRxTxTransaction
                0x08004840       0xa8 ./Drivers/STM32F4xx_HAL_Driver/Src/stm32f4xx_hal_spi.o
 .text.HAL_TIM_Base_Init
                0x080048e8       0x9e ./Drivers/STM32F4xx_HAL_Driver/Src/stm32f4xx_hal_tim.o
                0x080048e8                HAL_TIM_Base_Init
 *fill*         0x08004986        0x2 
 .text.HAL_TIM_Base_Start_IT
                0x08004988       0xc4 ./Drivers/STM32F4xx_HAL_Driver/Src/stm32f4xx_hal_tim.o
                0x08004988                HAL_TIM_Base_Start_IT
 .text.HAL_TIM_PWM_Init
                0x08004a4c       0x9e ./Drivers/STM32F4xx_HAL_Driver/Src/stm32f4xx_hal_tim.o
                0x08004a4c                HAL_TIM_PWM_Init
 *fill*         0x08004aea        0x2 
 .text.HAL_TIM_PWM_Start
                0x08004aec      0x160 ./Drivers/STM32F4xx_HAL_Driver/Src/stm32f4xx_hal_tim.o
                0x08004aec                HAL_TIM_PWM_Start
 .text.HAL_TIM_PWM_Stop
                0x08004c4c       0xc8 ./Drivers/STM32F4xx_HAL_Driver/Src/stm32f4xx_hal_tim.o
                0x08004c4c                HAL_TIM_PWM_Stop
 .text.HAL_TIM_IRQHandler
                0x08004d14      0x1e0 ./Drivers/STM32F4xx_HAL_Driver/Src/stm32f4xx_hal_tim.o
                0x08004d14                HAL_TIM_IRQHandler
 .text.HAL_TIM_PWM_ConfigChannel
                0x08004ef4      0x184 ./Drivers/STM32F4xx_HAL_Driver/Src/stm32f4xx_hal_tim.o
                0x08004ef4                HAL_TIM_PWM_ConfigChannel
 .text.HAL_TIM_ConfigClockSource
                0x08005078      0x18e ./Drivers/STM32F4xx_HAL_Driver/Src/stm32f4xx_hal_tim.o
                0x08005078                HAL_TIM_ConfigClockSource
 .text.HAL_TIM_OC_DelayElapsedCallback
                0x08005206       0x14 ./Drivers/STM32F4xx_HAL_Driver/Src/stm32f4xx_hal_tim.o
                0x08005206                HAL_TIM_OC_DelayElapsedCallback
 .text.HAL_TIM_IC_CaptureCallback
                0x0800521a       0x14 ./Drivers/STM32F4xx_HAL_Driver/Src/stm32f4xx_hal_tim.o
                0x0800521a                HAL_TIM_IC_CaptureCallback
 .text.HAL_TIM_PWM_PulseFinishedCallback
                0x0800522e       0x14 ./Drivers/STM32F4xx_HAL_Driver/Src/stm32f4xx_hal_tim.o
                0x0800522e                HAL_TIM_PWM_PulseFinishedCallback
 .text.HAL_TIM_TriggerCallback
                0x08005242       0x14 ./Drivers/STM32F4xx_HAL_Driver/Src/stm32f4xx_hal_tim.o
                0x08005242                HAL_TIM_TriggerCallback
 *fill*         0x08005256        0x2 
 .text.TIM_Base_SetConfig
                0x08005258      0x118 ./Drivers/STM32F4xx_HAL_Driver/Src/stm32f4xx_hal_tim.o
                0x08005258                TIM_Base_SetConfig
 .text.TIM_OC1_SetConfig
                0x08005370       0xcc ./Drivers/STM32F4xx_HAL_Driver/Src/stm32f4xx_hal_tim.o
 .text.TIM_OC2_SetConfig
                0x0800543c       0xd8 ./Drivers/STM32F4xx_HAL_Driver/Src/stm32f4xx_hal_tim.o
                0x0800543c                TIM_OC2_SetConfig
 .text.TIM_OC3_SetConfig
                0x08005514       0xd4 ./Drivers/STM32F4xx_HAL_Driver/Src/stm32f4xx_hal_tim.o
 .text.TIM_OC4_SetConfig
                0x080055e8       0xa0 ./Drivers/STM32F4xx_HAL_Driver/Src/stm32f4xx_hal_tim.o
 .text.TIM_TI1_ConfigInputStage
                0x08005688       0x5e ./Drivers/STM32F4xx_HAL_Driver/Src/stm32f4xx_hal_tim.o
 .text.TIM_TI2_ConfigInputStage
                0x080056e6       0x60 ./Drivers/STM32F4xx_HAL_Driver/Src/stm32f4xx_hal_tim.o
 .text.TIM_ITRx_SetConfig
                0x08005746       0x36 ./Drivers/STM32F4xx_HAL_Driver/Src/stm32f4xx_hal_tim.o
 .text.TIM_ETR_SetConfig
                0x0800577c       0x40 ./Drivers/STM32F4xx_HAL_Driver/Src/stm32f4xx_hal_tim.o
                0x0800577c                TIM_ETR_SetConfig
 .text.TIM_CCxChannelCmd
                0x080057bc       0x4a ./Drivers/STM32F4xx_HAL_Driver/Src/stm32f4xx_hal_tim.o
                0x080057bc                TIM_CCxChannelCmd
 *fill*         0x08005806        0x2 
 .text.HAL_TIMEx_MasterConfigSynchronization
                0x08005808       0xdc ./Drivers/STM32F4xx_HAL_Driver/Src/stm32f4xx_hal_tim_ex.o
                0x08005808                HAL_TIMEx_MasterConfigSynchronization
 .text.HAL_TIMEx_ConfigBreakDeadTime
                0x080058e4       0xa4 ./Drivers/STM32F4xx_HAL_Driver/Src/stm32f4xx_hal_tim_ex.o
                0x080058e4                HAL_TIMEx_ConfigBreakDeadTime
 .text.HAL_TIMEx_CommutCallback
                0x08005988       0x14 ./Drivers/STM32F4xx_HAL_Driver/Src/stm32f4xx_hal_tim_ex.o
                0x08005988                HAL_TIMEx_CommutCallback
 .text.HAL_TIMEx_BreakCallback
                0x0800599c       0x14 ./Drivers/STM32F4xx_HAL_Driver/Src/stm32f4xx_hal_tim_ex.o
                0x0800599c                HAL_TIMEx_BreakCallback
 .text.HAL_UART_Init
                0x080059b0       0xa0 ./Drivers/STM32F4xx_HAL_Driver/Src/stm32f4xx_hal_uart.o
                0x080059b0                HAL_UART_Init
 .text.HAL_UART_Transmit
                0x08005a50      0x116 ./Drivers/STM32F4xx_HAL_Driver/Src/stm32f4xx_hal_uart.o
                0x08005a50                HAL_UART_Transmit
 .text.UART_WaitOnFlagUntilTimeout
                0x08005b66       0xb2 ./Drivers/STM32F4xx_HAL_Driver/Src/stm32f4xx_hal_uart.o
 .text.UART_EndRxTransfer
                0x08005c18       0xc6 ./Drivers/STM32F4xx_HAL_Driver/Src/stm32f4xx_hal_uart.o
 *fill*         0x08005cde        0x2 
 .text.UART_SetConfig
                0x08005ce0      0x4e8 ./Drivers/STM32F4xx_HAL_Driver/Src/stm32f4xx_hal_uart.o
 .text.sprintf  0x080061c8       0x40 C:/ST/STM32CubeIDE_1.15.1/STM32CubeIDE/plugins/com.st.stm32cube.ide.mcu.externaltools.gnu-tools-for-stm32.12.3.rel1.win32_1.0.100.202403111256/tools/bin/../lib/gcc/arm-none-eabi/12.3.1/../../../../arm-none-eabi/lib/thumb/v7e-m+fp/hard\libc_nano.a(libc_a-sprintf.o)
                0x080061c8                siprintf
                0x080061c8                sprintf
 .text.memset   0x08006208       0x10 C:/ST/STM32CubeIDE_1.15.1/STM32CubeIDE/plugins/com.st.stm32cube.ide.mcu.externaltools.gnu-tools-for-stm32.12.3.rel1.win32_1.0.100.202403111256/tools/bin/../lib/gcc/arm-none-eabi/12.3.1/../../../../arm-none-eabi/lib/thumb/v7e-m+fp/hard\libc_nano.a(libc_a-memset.o)
                0x08006208                memset
 .text.__errno  0x08006218        0xc C:/ST/STM32CubeIDE_1.15.1/STM32CubeIDE/plugins/com.st.stm32cube.ide.mcu.externaltools.gnu-tools-for-stm32.12.3.rel1.win32_1.0.100.202403111256/tools/bin/../lib/gcc/arm-none-eabi/12.3.1/../../../../arm-none-eabi/lib/thumb/v7e-m+fp/hard\libc_nano.a(libc_a-errno.o)
                0x08006218                __errno
 .text.__libc_init_array
                0x08006224       0x48 C:/ST/STM32CubeIDE_1.15.1/STM32CubeIDE/plugins/com.st.stm32cube.ide.mcu.externaltools.gnu-tools-for-stm32.12.3.rel1.win32_1.0.100.202403111256/tools/bin/../lib/gcc/arm-none-eabi/12.3.1/../../../../arm-none-eabi/lib/thumb/v7e-m+fp/hard\libc_nano.a(libc_a-init.o)
                0x08006224                __libc_init_array
 .text.__retarget_lock_acquire_recursive
                0x0800626c        0x2 C:/ST/STM32CubeIDE_1.15.1/STM32CubeIDE/plugins/com.st.stm32cube.ide.mcu.externaltools.gnu-tools-for-stm32.12.3.rel1.win32_1.0.100.202403111256/tools/bin/../lib/gcc/arm-none-eabi/12.3.1/../../../../arm-none-eabi/lib/thumb/v7e-m+fp/hard\libc_nano.a(libc_a-lock.o)
                0x0800626c                __retarget_lock_acquire_recursive
 .text.__retarget_lock_release_recursive
                0x0800626e        0x2 C:/ST/STM32CubeIDE_1.15.1/STM32CubeIDE/plugins/com.st.stm32cube.ide.mcu.externaltools.gnu-tools-for-stm32.12.3.rel1.win32_1.0.100.202403111256/tools/bin/../lib/gcc/arm-none-eabi/12.3.1/../../../../arm-none-eabi/lib/thumb/v7e-m+fp/hard\libc_nano.a(libc_a-lock.o)
                0x0800626e                __retarget_lock_release_recursive
 .text._free_r  0x08006270       0x94 C:/ST/STM32CubeIDE_1.15.1/STM32CubeIDE/plugins/com.st.stm32cube.ide.mcu.externaltools.gnu-tools-for-stm32.12.3.rel1.win32_1.0.100.202403111256/tools/bin/../lib/gcc/arm-none-eabi/12.3.1/../../../../arm-none-eabi/lib/thumb/v7e-m+fp/hard\libc_nano.a(libc_a-freer.o)
                0x08006270                _free_r
 .text.sbrk_aligned
                0x08006304       0x44 C:/ST/STM32CubeIDE_1.15.1/STM32CubeIDE/plugins/com.st.stm32cube.ide.mcu.externaltools.gnu-tools-for-stm32.12.3.rel1.win32_1.0.100.202403111256/tools/bin/../lib/gcc/arm-none-eabi/12.3.1/../../../../arm-none-eabi/lib/thumb/v7e-m+fp/hard\libc_nano.a(libc_a-mallocr.o)
 .text._malloc_r
                0x08006348      0x100 C:/ST/STM32CubeIDE_1.15.1/STM32CubeIDE/plugins/com.st.stm32cube.ide.mcu.externaltools.gnu-tools-for-stm32.12.3.rel1.win32_1.0.100.202403111256/tools/bin/../lib/gcc/arm-none-eabi/12.3.1/../../../../arm-none-eabi/lib/thumb/v7e-m+fp/hard\libc_nano.a(libc_a-mallocr.o)
                0x08006348                _malloc_r
 .text.__malloc_lock
                0x08006448        0xc C:/ST/STM32CubeIDE_1.15.1/STM32CubeIDE/plugins/com.st.stm32cube.ide.mcu.externaltools.gnu-tools-for-stm32.12.3.rel1.win32_1.0.100.202403111256/tools/bin/../lib/gcc/arm-none-eabi/12.3.1/../../../../arm-none-eabi/lib/thumb/v7e-m+fp/hard\libc_nano.a(libc_a-mlock.o)
                0x08006448                __malloc_lock
 .text.__malloc_unlock
                0x08006454        0xc C:/ST/STM32CubeIDE_1.15.1/STM32CubeIDE/plugins/com.st.stm32cube.ide.mcu.externaltools.gnu-tools-for-stm32.12.3.rel1.win32_1.0.100.202403111256/tools/bin/../lib/gcc/arm-none-eabi/12.3.1/../../../../arm-none-eabi/lib/thumb/v7e-m+fp/hard\libc_nano.a(libc_a-mlock.o)
                0x08006454                __malloc_unlock
 .text.__ssputs_r
                0x08006460       0xb6 C:/ST/STM32CubeIDE_1.15.1/STM32CubeIDE/plugins/com.st.stm32cube.ide.mcu.externaltools.gnu-tools-for-stm32.12.3.rel1.win32_1.0.100.202403111256/tools/bin/../lib/gcc/arm-none-eabi/12.3.1/../../../../arm-none-eabi/lib/thumb/v7e-m+fp/hard\libc_nano.a(libc_a-nano-svfprintf.o)
                0x08006460                __ssputs_r
 *fill*         0x08006516        0x2 
 .text._svfprintf_r
                0x08006518      0x1f8 C:/ST/STM32CubeIDE_1.15.1/STM32CubeIDE/plugins/com.st.stm32cube.ide.mcu.externaltools.gnu-tools-for-stm32.12.3.rel1.win32_1.0.100.202403111256/tools/bin/../lib/gcc/arm-none-eabi/12.3.1/../../../../arm-none-eabi/lib/thumb/v7e-m+fp/hard\libc_nano.a(libc_a-nano-svfprintf.o)
                0x08006518                _svfiprintf_r
                0x08006518                _svfprintf_r
 .text._printf_common
                0x08006710       0xda C:/ST/STM32CubeIDE_1.15.1/STM32CubeIDE/plugins/com.st.stm32cube.ide.mcu.externaltools.gnu-tools-for-stm32.12.3.rel1.win32_1.0.100.202403111256/tools/bin/../lib/gcc/arm-none-eabi/12.3.1/../../../../arm-none-eabi/lib/thumb/v7e-m+fp/hard\libc_nano.a(libc_a-nano-vfprintf_i.o)
                0x08006710                _printf_common
 *fill*         0x080067ea        0x2 
 .text._printf_i
                0x080067ec      0x240 C:/ST/STM32CubeIDE_1.15.1/STM32CubeIDE/plugins/com.st.stm32cube.ide.mcu.externaltools.gnu-tools-for-stm32.12.3.rel1.win32_1.0.100.202403111256/tools/bin/../lib/gcc/arm-none-eabi/12.3.1/../../../../arm-none-eabi/lib/thumb/v7e-m+fp/hard\libc_nano.a(libc_a-nano-vfprintf_i.o)
                0x080067ec                _printf_i
 .text.memmove  0x08006a2c       0x34 C:/ST/STM32CubeIDE_1.15.1/STM32CubeIDE/plugins/com.st.stm32cube.ide.mcu.externaltools.gnu-tools-for-stm32.12.3.rel1.win32_1.0.100.202403111256/tools/bin/../lib/gcc/arm-none-eabi/12.3.1/../../../../arm-none-eabi/lib/thumb/v7e-m+fp/hard\libc_nano.a(libc_a-memmove.o)
                0x08006a2c                memmove
 .text._sbrk_r  0x08006a60       0x20 C:/ST/STM32CubeIDE_1.15.1/STM32CubeIDE/plugins/com.st.stm32cube.ide.mcu.externaltools.gnu-tools-for-stm32.12.3.rel1.win32_1.0.100.202403111256/tools/bin/../lib/gcc/arm-none-eabi/12.3.1/../../../../arm-none-eabi/lib/thumb/v7e-m+fp/hard\libc_nano.a(libc_a-sbrkr.o)
                0x08006a60                _sbrk_r
 .text.memcpy   0x08006a80       0x1c C:/ST/STM32CubeIDE_1.15.1/STM32CubeIDE/plugins/com.st.stm32cube.ide.mcu.externaltools.gnu-tools-for-stm32.12.3.rel1.win32_1.0.100.202403111256/tools/bin/../lib/gcc/arm-none-eabi/12.3.1/../../../../arm-none-eabi/lib/thumb/v7e-m+fp/hard\libc_nano.a(libc_a-memcpy-stub.o)
                0x08006a80                memcpy
 .text._realloc_r
                0x08006a9c       0x5c C:/ST/STM32CubeIDE_1.15.1/STM32CubeIDE/plugins/com.st.stm32cube.ide.mcu.externaltools.gnu-tools-for-stm32.12.3.rel1.win32_1.0.100.202403111256/tools/bin/../lib/gcc/arm-none-eabi/12.3.1/../../../../arm-none-eabi/lib/thumb/v7e-m+fp/hard\libc_nano.a(libc_a-reallocr.o)
                0x08006a9c                _realloc_r
 .text._malloc_usable_size_r
                0x08006af8       0x10 C:/ST/STM32CubeIDE_1.15.1/STM32CubeIDE/plugins/com.st.stm32cube.ide.mcu.externaltools.gnu-tools-for-stm32.12.3.rel1.win32_1.0.100.202403111256/tools/bin/../lib/gcc/arm-none-eabi/12.3.1/../../../../arm-none-eabi/lib/thumb/v7e-m+fp/hard\libc_nano.a(libc_a-msizer.o)
                0x08006af8                _malloc_usable_size_r
 *(.glue_7)
 .glue_7        0x08006b08        0x0 linker stubs
 *(.glue_7t)
 .glue_7t       0x08006b08        0x0 linker stubs
 *(.eh_frame)
 .eh_frame      0x08006b08        0x0 C:/ST/STM32CubeIDE_1.15.1/STM32CubeIDE/plugins/com.st.stm32cube.ide.mcu.externaltools.gnu-tools-for-stm32.12.3.rel1.win32_1.0.100.202403111256/tools/bin/../lib/gcc/arm-none-eabi/12.3.1/thumb/v7e-m+fp/hard/crtbegin.o
 *(.init)
 .init          0x08006b08        0x4 C:/ST/STM32CubeIDE_1.15.1/STM32CubeIDE/plugins/com.st.stm32cube.ide.mcu.externaltools.gnu-tools-for-stm32.12.3.rel1.win32_1.0.100.202403111256/tools/bin/../lib/gcc/arm-none-eabi/12.3.1/thumb/v7e-m+fp/hard/crti.o
                0x08006b08                _init
 .init          0x08006b0c        0x8 C:/ST/STM32CubeIDE_1.15.1/STM32CubeIDE/plugins/com.st.stm32cube.ide.mcu.externaltools.gnu-tools-for-stm32.12.3.rel1.win32_1.0.100.202403111256/tools/bin/../lib/gcc/arm-none-eabi/12.3.1/thumb/v7e-m+fp/hard/crtn.o
 *(.fini)
 .fini          0x08006b14        0x4 C:/ST/STM32CubeIDE_1.15.1/STM32CubeIDE/plugins/com.st.stm32cube.ide.mcu.externaltools.gnu-tools-for-stm32.12.3.rel1.win32_1.0.100.202403111256/tools/bin/../lib/gcc/arm-none-eabi/12.3.1/thumb/v7e-m+fp/hard/crti.o
                0x08006b14                _fini
 .fini          0x08006b18        0x8 C:/ST/STM32CubeIDE_1.15.1/STM32CubeIDE/plugins/com.st.stm32cube.ide.mcu.externaltools.gnu-tools-for-stm32.12.3.rel1.win32_1.0.100.202403111256/tools/bin/../lib/gcc/arm-none-eabi/12.3.1/thumb/v7e-m+fp/hard/crtn.o
                0x08006b20                        . = ALIGN (0x4)
                0x08006b20                        _etext = .

.vfp11_veneer   0x08006b20        0x0
 .vfp11_veneer  0x08006b20        0x0 linker stubs

.v4_bx          0x08006b20        0x0
 .v4_bx         0x08006b20        0x0 linker stubs

.iplt           0x08006b20        0x0
 .iplt          0x08006b20        0x0 C:/ST/STM32CubeIDE_1.15.1/STM32CubeIDE/plugins/com.st.stm32cube.ide.mcu.externaltools.gnu-tools-for-stm32.12.3.rel1.win32_1.0.100.202403111256/tools/bin/../lib/gcc/arm-none-eabi/12.3.1/thumb/v7e-m+fp/hard/crtbegin.o

.rodata         0x08006b20       0x98
                0x08006b20                        . = ALIGN (0x4)
 *(.rodata)
 .rodata        0x08006b20       0x41 ./Core/Src/main.o
 *(.rodata*)
 *fill*         0x08006b61        0x3 
 .rodata.AHBPrescTable
                0x08006b64       0x10 ./Core/Src/system_stm32f4xx.o
                0x08006b64                AHBPrescTable
 .rodata.APBPrescTable
                0x08006b74        0x8 ./Core/Src/system_stm32f4xx.o
                0x08006b74                APBPrescTable
 .rodata.flagBitshiftOffset.0
                0x08006b7c        0x8 ./Drivers/STM32F4xx_HAL_Driver/Src/stm32f4xx_hal_dma.o
 .rodata._svfprintf_r.str1.1
                0x08006b84       0x11 C:/ST/STM32CubeIDE_1.15.1/STM32CubeIDE/plugins/com.st.stm32cube.ide.mcu.externaltools.gnu-tools-for-stm32.12.3.rel1.win32_1.0.100.202403111256/tools/bin/../lib/gcc/arm-none-eabi/12.3.1/../../../../arm-none-eabi/lib/thumb/v7e-m+fp/hard\libc_nano.a(libc_a-nano-svfprintf.o)
 .rodata._printf_i.str1.1
                0x08006b95       0x22 C:/ST/STM32CubeIDE_1.15.1/STM32CubeIDE/plugins/com.st.stm32cube.ide.mcu.externaltools.gnu-tools-for-stm32.12.3.rel1.win32_1.0.100.202403111256/tools/bin/../lib/gcc/arm-none-eabi/12.3.1/../../../../arm-none-eabi/lib/thumb/v7e-m+fp/hard\libc_nano.a(libc_a-nano-vfprintf_i.o)
                0x08006bb8                        . = ALIGN (0x4)
 *fill*         0x08006bb7        0x1 

.ARM.extab      0x08006bb8        0x0
                0x08006bb8                        . = ALIGN (0x4)
 *(.ARM.extab* .gnu.linkonce.armextab.*)
                0x08006bb8                        . = ALIGN (0x4)

.ARM            0x08006bb8        0x8
                0x08006bb8                        . = ALIGN (0x4)
                0x08006bb8                        __exidx_start = .
 *(.ARM.exidx*)
 .ARM.exidx     0x08006bb8        0x8 C:/ST/STM32CubeIDE_1.15.1/STM32CubeIDE/plugins/com.st.stm32cube.ide.mcu.externaltools.gnu-tools-for-stm32.12.3.rel1.win32_1.0.100.202403111256/tools/bin/../lib/gcc/arm-none-eabi/12.3.1/../../../../arm-none-eabi/lib/thumb/v7e-m+fp/hard\libc_nano.a(libc_a-memchr.o)
 .ARM.exidx     0x08006bc0        0x0 C:/ST/STM32CubeIDE_1.15.1/STM32CubeIDE/plugins/com.st.stm32cube.ide.mcu.externaltools.gnu-tools-for-stm32.12.3.rel1.win32_1.0.100.202403111256/tools/bin/../lib/gcc/arm-none-eabi/12.3.1/thumb/v7e-m+fp/hard\libgcc.a(_udivmoddi4.o)
                                  0x8 (size before relaxing)
                0x08006bc0                        __exidx_end = .
                0x08006bc0                        . = ALIGN (0x4)

.preinit_array  0x08006bc0        0x0
                0x08006bc0                        . = ALIGN (0x4)
                0x08006bc0                        PROVIDE (__preinit_array_start = .)
 *(.preinit_array*)
                0x08006bc0                        PROVIDE (__preinit_array_end = .)
                0x08006bc0                        . = ALIGN (0x4)

.init_array     0x08006bc0        0x4
                0x08006bc0                        . = ALIGN (0x4)
                0x08006bc0                        PROVIDE (__init_array_start = .)
 *(SORT_BY_NAME(.init_array.*))
 *(.init_array*)
 .init_array    0x08006bc0        0x4 C:/ST/STM32CubeIDE_1.15.1/STM32CubeIDE/plugins/com.st.stm32cube.ide.mcu.externaltools.gnu-tools-for-stm32.12.3.rel1.win32_1.0.100.202403111256/tools/bin/../lib/gcc/arm-none-eabi/12.3.1/thumb/v7e-m+fp/hard/crtbegin.o
                0x08006bc4                        PROVIDE (__init_array_end = .)
                0x08006bc4                        . = ALIGN (0x4)

.fini_array     0x08006bc4        0x4
                0x08006bc4                        . = ALIGN (0x4)
                [!provide]                        PROVIDE (__fini_array_start = .)
 *(SORT_BY_NAME(.fini_array.*))
 *(.fini_array*)
 .fini_array    0x08006bc4        0x4 C:/ST/STM32CubeIDE_1.15.1/STM32CubeIDE/plugins/com.st.stm32cube.ide.mcu.externaltools.gnu-tools-for-stm32.12.3.rel1.win32_1.0.100.202403111256/tools/bin/../lib/gcc/arm-none-eabi/12.3.1/thumb/v7e-m+fp/hard/crtbegin.o
                [!provide]                        PROVIDE (__fini_array_end = .)
                0x08006bc8                        . = ALIGN (0x4)
                0x08006bc8                        _sidata = LOADADDR (.data)

.rel.dyn        0x08006bc8        0x0
 .rel.iplt      0x08006bc8        0x0 C:/ST/STM32CubeIDE_1.15.1/STM32CubeIDE/plugins/com.st.stm32cube.ide.mcu.externaltools.gnu-tools-for-stm32.12.3.rel1.win32_1.0.100.202403111256/tools/bin/../lib/gcc/arm-none-eabi/12.3.1/thumb/v7e-m+fp/hard/crtbegin.o

.data           0x20000000       0x80 load address 0x08006bc8
                0x20000000                        . = ALIGN (0x4)
                0x20000000                        _sdata = .
 *(.data)
 *(.data*)
 .data.data_R   0x20000000       0x20 ./Core/Src/main.o
                0x20000000                data_R
 .data.current_pcm
                0x20000020        0x1 ./Core/Src/main.o
                0x20000020                current_pcm
 *fill*         0x20000021        0x3 
 .data.SystemCoreClock
                0x20000024        0x4 ./Core/Src/system_stm32f4xx.o
                0x20000024                SystemCoreClock
 .data.uwTickPrio
                0x20000028        0x4 ./Drivers/STM32F4xx_HAL_Driver/Src/stm32f4xx_hal.o
                0x20000028                uwTickPrio
 .data.uwTickFreq
                0x2000002c        0x1 ./Drivers/STM32F4xx_HAL_Driver/Src/stm32f4xx_hal.o
                0x2000002c                uwTickFreq
 *fill*         0x2000002d        0x3 
 .data._impure_ptr
                0x20000030        0x4 C:/ST/STM32CubeIDE_1.15.1/STM32CubeIDE/plugins/com.st.stm32cube.ide.mcu.externaltools.gnu-tools-for-stm32.12.3.rel1.win32_1.0.100.202403111256/tools/bin/../lib/gcc/arm-none-eabi/12.3.1/../../../../arm-none-eabi/lib/thumb/v7e-m+fp/hard\libc_nano.a(libc_a-impure.o)
                0x20000030                _impure_ptr
 .data._impure_data
                0x20000034       0x4c C:/ST/STM32CubeIDE_1.15.1/STM32CubeIDE/plugins/com.st.stm32cube.ide.mcu.externaltools.gnu-tools-for-stm32.12.3.rel1.win32_1.0.100.202403111256/tools/bin/../lib/gcc/arm-none-eabi/12.3.1/../../../../arm-none-eabi/lib/thumb/v7e-m+fp/hard\libc_nano.a(libc_a-impure.o)
                0x20000034                _impure_data
 *(.RamFunc)
 *(.RamFunc*)
                0x20000080                        . = ALIGN (0x4)
                0x20000080                        _edata = .

.igot.plt       0x20000080        0x0 load address 0x08006c48
 .igot.plt      0x20000080        0x0 C:/ST/STM32CubeIDE_1.15.1/STM32CubeIDE/plugins/com.st.stm32cube.ide.mcu.externaltools.gnu-tools-for-stm32.12.3.rel1.win32_1.0.100.202403111256/tools/bin/../lib/gcc/arm-none-eabi/12.3.1/thumb/v7e-m+fp/hard/crtbegin.o
                0x20000080                        . = ALIGN (0x4)

.bss            0x20000080      0x81c load address 0x08006c48
                0x20000080                        _sbss = .
                0x20000080                        __bss_start__ = _sbss
 *(.bss)
 .bss           0x20000080       0x1c C:/ST/STM32CubeIDE_1.15.1/STM32CubeIDE/plugins/com.st.stm32cube.ide.mcu.externaltools.gnu-tools-for-stm32.12.3.rel1.win32_1.0.100.202403111256/tools/bin/../lib/gcc/arm-none-eabi/12.3.1/thumb/v7e-m+fp/hard/crtbegin.o
 *(.bss*)
 .bss.hadc1     0x2000009c       0x48 ./Core/Src/main.o
                0x2000009c                hadc1
 .bss.hdma_adc1
                0x200000e4       0x60 ./Core/Src/main.o
                0x200000e4                hdma_adc1
 .bss.hspi1     0x20000144       0x58 ./Core/Src/main.o
                0x20000144                hspi1
 .bss.htim1     0x2000019c       0x48 ./Core/Src/main.o
                0x2000019c                htim1
 .bss.htim2     0x200001e4       0x48 ./Core/Src/main.o
                0x200001e4                htim2
 .bss.huart2    0x2000022c       0x48 ./Core/Src/main.o
                0x2000022c                huart2
 .bss.Tx        0x20000274        0x1 ./Core/Src/main.o
                0x20000274                Tx
 *fill*         0x20000275        0x3 
 .bss.adc_buffer
                0x20000278       0x80 ./Core/Src/main.o
                0x20000278                adc_buffer
 .bss.PCM_8bit_Audio_Samples1
                0x200002f8       0x20 ./Core/Src/main.o
                0x200002f8                PCM_8bit_Audio_Samples1
 .bss.PCM_8bit_Audio_Samples2
                0x20000318       0x20 ./Core/Src/main.o
                0x20000318                PCM_8bit_Audio_Samples2
 .bss.audio_buf
                0x20000338      0x400 ./Core/Src/main.o
                0x20000338                audio_buf
 .bss.write_index
                0x20000738        0x2 ./Core/Src/main.o
                0x20000738                write_index
 .bss.read_index
                0x2000073a        0x2 ./Core/Src/main.o
                0x2000073a                read_index
 .bss.buffered  0x2000073c        0x2 ./Core/Src/main.o
                0x2000073c                buffered
 .bss.new_packet1
                0x2000073e        0x1 ./Core/Src/main.o
                0x2000073e                new_packet1
 .bss.new_packet2
                0x2000073f        0x1 ./Core/Src/main.o
                0x2000073f                new_packet2
 .bss.dac_needs_update
                0x20000740        0x1 ./Core/Src/main.o
                0x20000740                dac_needs_update
 *fill*         0x20000741        0x3 
 .bss.last_press_time
                0x20000744        0x4 ./Core/Src/main.o
                0x20000744                last_press_time
 .bss.TX_change
                0x20000748        0x1 ./Core/Src/main.o
                0x20000748                TX_change
 *fill*         0x20000749        0x3 
 .bss.__sbrk_heap_end
                0x2000074c        0x4 ./Core/Src/sysmem.o
 .bss.uwTick    0x20000750        0x4 ./Drivers/STM32F4xx_HAL_Driver/Src/stm32f4xx_hal.o
                0x20000750                uwTick
 .bss.__sf      0x20000754      0x138 C:/ST/STM32CubeIDE_1.15.1/STM32CubeIDE/plugins/com.st.stm32cube.ide.mcu.externaltools.gnu-tools-for-stm32.12.3.rel1.win32_1.0.100.202403111256/tools/bin/../lib/gcc/arm-none-eabi/12.3.1/../../../../arm-none-eabi/lib/thumb/v7e-m+fp/hard\libc_nano.a(libc_a-findfp.o)
                0x20000754                __sf
 .bss.errno     0x2000088c        0x4 C:/ST/STM32CubeIDE_1.15.1/STM32CubeIDE/plugins/com.st.stm32cube.ide.mcu.externaltools.gnu-tools-for-stm32.12.3.rel1.win32_1.0.100.202403111256/tools/bin/../lib/gcc/arm-none-eabi/12.3.1/../../../../arm-none-eabi/lib/thumb/v7e-m+fp/hard\libc_nano.a(libc_a-reent.o)
                0x2000088c                errno
 .bss.__lock___malloc_recursive_mutex
                0x20000890        0x1 C:/ST/STM32CubeIDE_1.15.1/STM32CubeIDE/plugins/com.st.stm32cube.ide.mcu.externaltools.gnu-tools-for-stm32.12.3.rel1.win32_1.0.100.202403111256/tools/bin/../lib/gcc/arm-none-eabi/12.3.1/../../../../arm-none-eabi/lib/thumb/v7e-m+fp/hard\libc_nano.a(libc_a-lock.o)
                0x20000890                __lock___malloc_recursive_mutex
 *fill*         0x20000891        0x3 
 .bss.__malloc_sbrk_start
                0x20000894        0x4 C:/ST/STM32CubeIDE_1.15.1/STM32CubeIDE/plugins/com.st.stm32cube.ide.mcu.externaltools.gnu-tools-for-stm32.12.3.rel1.win32_1.0.100.202403111256/tools/bin/../lib/gcc/arm-none-eabi/12.3.1/../../../../arm-none-eabi/lib/thumb/v7e-m+fp/hard\libc_nano.a(libc_a-mallocr.o)
                0x20000894                __malloc_sbrk_start
 .bss.__malloc_free_list
                0x20000898        0x4 C:/ST/STM32CubeIDE_1.15.1/STM32CubeIDE/plugins/com.st.stm32cube.ide.mcu.externaltools.gnu-tools-for-stm32.12.3.rel1.win32_1.0.100.202403111256/tools/bin/../lib/gcc/arm-none-eabi/12.3.1/../../../../arm-none-eabi/lib/thumb/v7e-m+fp/hard\libc_nano.a(libc_a-mallocr.o)
                0x20000898                __malloc_free_list
 *(COMMON)
                0x2000089c                        . = ALIGN (0x4)
                0x2000089c                        _ebss = .
                0x2000089c                        __bss_end__ = _ebss

._user_heap_stack
                0x2000089c      0x604 load address 0x08006c48
                0x200008a0                        . = ALIGN (0x8)
 *fill*         0x2000089c        0x4 
                [!provide]                        PROVIDE (end = .)
                0x200008a0                        PROVIDE (_end = .)
                0x20000aa0                        . = (. + _Min_Heap_Size)
 *fill*         0x200008a0      0x200 
                0x20000ea0                        . = (. + _Min_Stack_Size)
 *fill*         0x20000aa0      0x400 
                0x20000ea0                        . = ALIGN (0x8)

/DISCARD/
 libc.a(*)
 libm.a(*)
 libgcc.a(*)

.ARM.attributes
                0x00000000       0x30
 *(.ARM.attributes)
 .ARM.attributes
                0x00000000       0x22 C:/ST/STM32CubeIDE_1.15.1/STM32CubeIDE/plugins/com.st.stm32cube.ide.mcu.externaltools.gnu-tools-for-stm32.12.3.rel1.win32_1.0.100.202403111256/tools/bin/../lib/gcc/arm-none-eabi/12.3.1/thumb/v7e-m+fp/hard/crti.o
 .ARM.attributes
                0x00000022       0x34 C:/ST/STM32CubeIDE_1.15.1/STM32CubeIDE/plugins/com.st.stm32cube.ide.mcu.externaltools.gnu-tools-for-stm32.12.3.rel1.win32_1.0.100.202403111256/tools/bin/../lib/gcc/arm-none-eabi/12.3.1/thumb/v7e-m+fp/hard/crtbegin.o
 .ARM.attributes
                0x00000056       0x34 ./Core/Src/NRF24.o
 .ARM.attributes
                0x0000008a       0x34 ./Core/Src/main.o
 .ARM.attributes
                0x000000be       0x34 ./Core/Src/stm32f4xx_hal_msp.o
 .ARM.attributes
                0x000000f2       0x34 ./Core/Src/stm32f4xx_it.o
 .ARM.attributes
                0x00000126       0x34 ./Core/Src/sysmem.o
 .ARM.attributes
                0x0000015a       0x34 ./Core/Src/system_stm32f4xx.o
 .ARM.attributes
                0x0000018e       0x21 ./Core/Startup/startup_stm32f411ceux.o
 .ARM.attributes
                0x000001af       0x34 ./Drivers/STM32F4xx_HAL_Driver/Src/stm32f4xx_hal.o
 .ARM.attributes
                0x000001e3       0x34 ./Drivers/STM32F4xx_HAL_Driver/Src/stm32f4xx_hal_adc.o
 .ARM.attributes
                0x00000217       0x34 ./Drivers/STM32F4xx_HAL_Driver/Src/stm32f4xx_hal_cortex.o
 .ARM.attributes
                0x0000024b       0x34 ./Drivers/STM32F4xx_HAL_Driver/Src/stm32f4xx_hal_dma.o
 .ARM.attributes
                0x0000027f       0x34 ./Drivers/STM32F4xx_HAL_Driver/Src/stm32f4xx_hal_gpio.o
 .ARM.attributes
                0x000002b3       0x34 ./Drivers/STM32F4xx_HAL_Driver/Src/stm32f4xx_hal_rcc.o
 .ARM.attributes
                0x000002e7       0x34 ./Drivers/STM32F4xx_HAL_Driver/Src/stm32f4xx_hal_spi.o
 .ARM.attributes
                0x0000031b       0x34 ./Drivers/STM32F4xx_HAL_Driver/Src/stm32f4xx_hal_tim.o
 .ARM.attributes
                0x0000034f       0x34 ./Drivers/STM32F4xx_HAL_Driver/Src/stm32f4xx_hal_tim_ex.o
 .ARM.attributes
                0x00000383       0x34 ./Drivers/STM32F4xx_HAL_Driver/Src/stm32f4xx_hal_uart.o
 .ARM.attributes
                0x000003b7       0x34 C:/ST/STM32CubeIDE_1.15.1/STM32CubeIDE/plugins/com.st.stm32cube.ide.mcu.externaltools.gnu-tools-for-stm32.12.3.rel1.win32_1.0.100.202403111256/tools/bin/../lib/gcc/arm-none-eabi/12.3.1/../../../../arm-none-eabi/lib/thumb/v7e-m+fp/hard\libc_nano.a(libc_a-findfp.o)
 .ARM.attributes
                0x000003eb       0x34 C:/ST/STM32CubeIDE_1.15.1/STM32CubeIDE/plugins/com.st.stm32cube.ide.mcu.externaltools.gnu-tools-for-stm32.12.3.rel1.win32_1.0.100.202403111256/tools/bin/../lib/gcc/arm-none-eabi/12.3.1/../../../../arm-none-eabi/lib/thumb/v7e-m+fp/hard\libc_nano.a(libc_a-sprintf.o)
 .ARM.attributes
                0x0000041f       0x34 C:/ST/STM32CubeIDE_1.15.1/STM32CubeIDE/plugins/com.st.stm32cube.ide.mcu.externaltools.gnu-tools-for-stm32.12.3.rel1.win32_1.0.100.202403111256/tools/bin/../lib/gcc/arm-none-eabi/12.3.1/../../../../arm-none-eabi/lib/thumb/v7e-m+fp/hard\libc_nano.a(libc_a-memset.o)
 .ARM.attributes
                0x00000453       0x34 C:/ST/STM32CubeIDE_1.15.1/STM32CubeIDE/plugins/com.st.stm32cube.ide.mcu.externaltools.gnu-tools-for-stm32.12.3.rel1.win32_1.0.100.202403111256/tools/bin/../lib/gcc/arm-none-eabi/12.3.1/../../../../arm-none-eabi/lib/thumb/v7e-m+fp/hard\libc_nano.a(libc_a-reent.o)
 .ARM.attributes
                0x00000487       0x34 C:/ST/STM32CubeIDE_1.15.1/STM32CubeIDE/plugins/com.st.stm32cube.ide.mcu.externaltools.gnu-tools-for-stm32.12.3.rel1.win32_1.0.100.202403111256/tools/bin/../lib/gcc/arm-none-eabi/12.3.1/../../../../arm-none-eabi/lib/thumb/v7e-m+fp/hard\libc_nano.a(libc_a-impure.o)
 .ARM.attributes
                0x000004bb       0x34 C:/ST/STM32CubeIDE_1.15.1/STM32CubeIDE/plugins/com.st.stm32cube.ide.mcu.externaltools.gnu-tools-for-stm32.12.3.rel1.win32_1.0.100.202403111256/tools/bin/../lib/gcc/arm-none-eabi/12.3.1/../../../../arm-none-eabi/lib/thumb/v7e-m+fp/hard\libc_nano.a(libc_a-errno.o)
 .ARM.attributes
                0x000004ef       0x34 C:/ST/STM32CubeIDE_1.15.1/STM32CubeIDE/plugins/com.st.stm32cube.ide.mcu.externaltools.gnu-tools-for-stm32.12.3.rel1.win32_1.0.100.202403111256/tools/bin/../lib/gcc/arm-none-eabi/12.3.1/../../../../arm-none-eabi/lib/thumb/v7e-m+fp/hard\libc_nano.a(libc_a-init.o)
 .ARM.attributes
                0x00000523       0x34 C:/ST/STM32CubeIDE_1.15.1/STM32CubeIDE/plugins/com.st.stm32cube.ide.mcu.externaltools.gnu-tools-for-stm32.12.3.rel1.win32_1.0.100.202403111256/tools/bin/../lib/gcc/arm-none-eabi/12.3.1/../../../../arm-none-eabi/lib/thumb/v7e-m+fp/hard\libc_nano.a(libc_a-lock.o)
 .ARM.attributes
                0x00000557       0x34 C:/ST/STM32CubeIDE_1.15.1/STM32CubeIDE/plugins/com.st.stm32cube.ide.mcu.externaltools.gnu-tools-for-stm32.12.3.rel1.win32_1.0.100.202403111256/tools/bin/../lib/gcc/arm-none-eabi/12.3.1/../../../../arm-none-eabi/lib/thumb/v7e-m+fp/hard\libc_nano.a(libc_a-freer.o)
 .ARM.attributes
                0x0000058b       0x34 C:/ST/STM32CubeIDE_1.15.1/STM32CubeIDE/plugins/com.st.stm32cube.ide.mcu.externaltools.gnu-tools-for-stm32.12.3.rel1.win32_1.0.100.202403111256/tools/bin/../lib/gcc/arm-none-eabi/12.3.1/../../../../arm-none-eabi/lib/thumb/v7e-m+fp/hard\libc_nano.a(libc_a-mallocr.o)
 .ARM.attributes
                0x000005bf       0x34 C:/ST/STM32CubeIDE_1.15.1/STM32CubeIDE/plugins/com.st.stm32cube.ide.mcu.externaltools.gnu-tools-for-stm32.12.3.rel1.win32_1.0.100.202403111256/tools/bin/../lib/gcc/arm-none-eabi/12.3.1/../../../../arm-none-eabi/lib/thumb/v7e-m+fp/hard\libc_nano.a(libc_a-mlock.o)
 .ARM.attributes
                0x000005f3       0x34 C:/ST/STM32CubeIDE_1.15.1/STM32CubeIDE/plugins/com.st.stm32cube.ide.mcu.externaltools.gnu-tools-for-stm32.12.3.rel1.win32_1.0.100.202403111256/tools/bin/../lib/gcc/arm-none-eabi/12.3.1/../../../../arm-none-eabi/lib/thumb/v7e-m+fp/hard\libc_nano.a(libc_a-nano-svfprintf.o)
 .ARM.attributes
                0x00000627       0x34 C:/ST/STM32CubeIDE_1.15.1/STM32CubeIDE/plugins/com.st.stm32cube.ide.mcu.externaltools.gnu-tools-for-stm32.12.3.rel1.win32_1.0.100.202403111256/tools/bin/../lib/gcc/arm-none-eabi/12.3.1/../../../../arm-none-eabi/lib/thumb/v7e-m+fp/hard\libc_nano.a(libc_a-nano-vfprintf_i.o)
 .ARM.attributes
                0x0000065b       0x34 C:/ST/STM32CubeIDE_1.15.1/STM32CubeIDE/plugins/com.st.stm32cube.ide.mcu.externaltools.gnu-tools-for-stm32.12.3.rel1.win32_1.0.100.202403111256/tools/bin/../lib/gcc/arm-none-eabi/12.3.1/../../../../arm-none-eabi/lib/thumb/v7e-m+fp/hard\libc_nano.a(libc_a-memmove.o)
 .ARM.attributes
                0x0000068f       0x34 C:/ST/STM32CubeIDE_1.15.1/STM32CubeIDE/plugins/com.st.stm32cube.ide.mcu.externaltools.gnu-tools-for-stm32.12.3.rel1.win32_1.0.100.202403111256/tools/bin/../lib/gcc/arm-none-eabi/12.3.1/../../../../arm-none-eabi/lib/thumb/v7e-m+fp/hard\libc_nano.a(libc_a-sbrkr.o)
 .ARM.attributes
                0x000006c3       0x1c C:/ST/STM32CubeIDE_1.15.1/STM32CubeIDE/plugins/com.st.stm32cube.ide.mcu.externaltools.gnu-tools-for-stm32.12.3.rel1.win32_1.0.100.202403111256/tools/bin/../lib/gcc/arm-none-eabi/12.3.1/../../../../arm-none-eabi/lib/thumb/v7e-m+fp/hard\libc_nano.a(libc_a-memchr.o)
 .ARM.attributes
                0x000006df       0x34 C:/ST/STM32CubeIDE_1.15.1/STM32CubeIDE/plugins/com.st.stm32cube.ide.mcu.externaltools.gnu-tools-for-stm32.12.3.rel1.win32_1.0.100.202403111256/tools/bin/../lib/gcc/arm-none-eabi/12.3.1/../../../../arm-none-eabi/lib/thumb/v7e-m+fp/hard\libc_nano.a(libc_a-memcpy-stub.o)
 .ARM.attributes
                0x00000713       0x34 C:/ST/STM32CubeIDE_1.15.1/STM32CubeIDE/plugins/com.st.stm32cube.ide.mcu.externaltools.gnu-tools-for-stm32.12.3.rel1.win32_1.0.100.202403111256/tools/bin/../lib/gcc/arm-none-eabi/12.3.1/../../../../arm-none-eabi/lib/thumb/v7e-m+fp/hard\libc_nano.a(libc_a-reallocr.o)
 .ARM.attributes
                0x00000747       0x34 C:/ST/STM32CubeIDE_1.15.1/STM32CubeIDE/plugins/com.st.stm32cube.ide.mcu.externaltools.gnu-tools-for-stm32.12.3.rel1.win32_1.0.100.202403111256/tools/bin/../lib/gcc/arm-none-eabi/12.3.1/../../../../arm-none-eabi/lib/thumb/v7e-m+fp/hard\libc_nano.a(libc_a-msizer.o)
 .ARM.attributes
                0x0000077b       0x22 C:/ST/STM32CubeIDE_1.15.1/STM32CubeIDE/plugins/com.st.stm32cube.ide.mcu.externaltools.gnu-tools-for-stm32.12.3.rel1.win32_1.0.100.202403111256/tools/bin/../lib/gcc/arm-none-eabi/12.3.1/thumb/v7e-m+fp/hard\libgcc.a(_aeabi_uldivmod.o)
 .ARM.attributes
                0x0000079d       0x34 C:/ST/STM32CubeIDE_1.15.1/STM32CubeIDE/plugins/com.st.stm32cube.ide.mcu.externaltools.gnu-tools-for-stm32.12.3.rel1.win32_1.0.100.202403111256/tools/bin/../lib/gcc/arm-none-eabi/12.3.1/thumb/v7e-m+fp/hard\libgcc.a(_udivmoddi4.o)
 .ARM.attributes
                0x000007d1       0x22 C:/ST/STM32CubeIDE_1.15.1/STM32CubeIDE/plugins/com.st.stm32cube.ide.mcu.externaltools.gnu-tools-for-stm32.12.3.rel1.win32_1.0.100.202403111256/tools/bin/../lib/gcc/arm-none-eabi/12.3.1/thumb/v7e-m+fp/hard\libgcc.a(_dvmd_tls.o)
 .ARM.attributes
                0x000007f3       0x22 C:/ST/STM32CubeIDE_1.15.1/STM32CubeIDE/plugins/com.st.stm32cube.ide.mcu.externaltools.gnu-tools-for-stm32.12.3.rel1.win32_1.0.100.202403111256/tools/bin/../lib/gcc/arm-none-eabi/12.3.1/thumb/v7e-m+fp/hard/crtn.o
OUTPUT(Walkie_Talkie1.elf elf32-littlearm)
LOAD linker stubs
LOAD C:/ST/STM32CubeIDE_1.15.1/STM32CubeIDE/plugins/com.st.stm32cube.ide.mcu.externaltools.gnu-tools-for-stm32.12.3.rel1.win32_1.0.100.202403111256/tools/bin/../lib/gcc/arm-none-eabi/12.3.1/../../../../arm-none-eabi/lib/thumb/v7e-m+fp/hard\libc.a
LOAD C:/ST/STM32CubeIDE_1.15.1/STM32CubeIDE/plugins/com.st.stm32cube.ide.mcu.externaltools.gnu-tools-for-stm32.12.3.rel1.win32_1.0.100.202403111256/tools/bin/../lib/gcc/arm-none-eabi/12.3.1/../../../../arm-none-eabi/lib/thumb/v7e-m+fp/hard\libm.a
LOAD C:/ST/STM32CubeIDE_1.15.1/STM32CubeIDE/plugins/com.st.stm32cube.ide.mcu.externaltools.gnu-tools-for-stm32.12.3.rel1.win32_1.0.100.202403111256/tools/bin/../lib/gcc/arm-none-eabi/12.3.1/thumb/v7e-m+fp/hard\libgcc.a

.debug_info     0x00000000    0x1161e
 .debug_info    0x00000000     0x10d8 ./Core/Src/NRF24.o
 .debug_info    0x000010d8     0x1f87 ./Core/Src/main.o
 .debug_info    0x0000305f     0x15da ./Core/Src/stm32f4xx_hal_msp.o
 .debug_info    0x00004639      0xa1c ./Core/Src/stm32f4xx_it.o
 .debug_info    0x00005055      0x168 ./Core/Src/sysmem.o
 .debug_info    0x000051bd      0x53e ./Core/Src/system_stm32f4xx.o
 .debug_info    0x000056fb       0x30 ./Core/Startup/startup_stm32f411ceux.o
 .debug_info    0x0000572b      0x8c4 ./Drivers/STM32F4xx_HAL_Driver/Src/stm32f4xx_hal.o
 .debug_info    0x00005fef      0xcd1 ./Drivers/STM32F4xx_HAL_Driver/Src/stm32f4xx_hal_adc.o
 .debug_info    0x00006cc0      0xcc7 ./Drivers/STM32F4xx_HAL_Driver/Src/stm32f4xx_hal_cortex.o
 .debug_info    0x00007987      0x8e6 ./Drivers/STM32F4xx_HAL_Driver/Src/stm32f4xx_hal_dma.o
 .debug_info    0x0000826d      0x6f9 ./Drivers/STM32F4xx_HAL_Driver/Src/stm32f4xx_hal_gpio.o
 .debug_info    0x00008966      0x8f2 ./Drivers/STM32F4xx_HAL_Driver/Src/stm32f4xx_hal_rcc.o
 .debug_info    0x00009258     0x1606 ./Drivers/STM32F4xx_HAL_Driver/Src/stm32f4xx_hal_spi.o
 .debug_info    0x0000a85e     0x2996 ./Drivers/STM32F4xx_HAL_Driver/Src/stm32f4xx_hal_tim.o
 .debug_info    0x0000d1f4     0x14d4 ./Drivers/STM32F4xx_HAL_Driver/Src/stm32f4xx_hal_tim_ex.o
 .debug_info    0x0000e6c8     0x2f56 ./Drivers/STM32F4xx_HAL_Driver/Src/stm32f4xx_hal_uart.o

.debug_abbrev   0x00000000     0x25d1
 .debug_abbrev  0x00000000      0x314 ./Core/Src/NRF24.o
 .debug_abbrev  0x00000314      0x375 ./Core/Src/main.o
 .debug_abbrev  0x00000689      0x294 ./Core/Src/stm32f4xx_hal_msp.o
 .debug_abbrev  0x0000091d      0x1d4 ./Core/Src/stm32f4xx_it.o
 .debug_abbrev  0x00000af1       0xbc ./Core/Src/sysmem.o
 .debug_abbrev  0x00000bad      0x11a ./Core/Src/system_stm32f4xx.o
 .debug_abbrev  0x00000cc7       0x24 ./Core/Startup/startup_stm32f411ceux.o
 .debug_abbrev  0x00000ceb      0x24b ./Drivers/STM32F4xx_HAL_Driver/Src/stm32f4xx_hal.o
 .debug_abbrev  0x00000f36      0x20e ./Drivers/STM32F4xx_HAL_Driver/Src/stm32f4xx_hal_adc.o
 .debug_abbrev  0x00001144      0x328 ./Drivers/STM32F4xx_HAL_Driver/Src/stm32f4xx_hal_cortex.o
 .debug_abbrev  0x0000146c      0x221 ./Drivers/STM32F4xx_HAL_Driver/Src/stm32f4xx_hal_dma.o
 .debug_abbrev  0x0000168d      0x1d3 ./Drivers/STM32F4xx_HAL_Driver/Src/stm32f4xx_hal_gpio.o
 .debug_abbrev  0x00001860      0x2b5 ./Drivers/STM32F4xx_HAL_Driver/Src/stm32f4xx_hal_rcc.o
 .debug_abbrev  0x00001b15      0x280 ./Drivers/STM32F4xx_HAL_Driver/Src/stm32f4xx_hal_spi.o
 .debug_abbrev  0x00001d95      0x28b ./Drivers/STM32F4xx_HAL_Driver/Src/stm32f4xx_hal_tim.o
 .debug_abbrev  0x00002020      0x296 ./Drivers/STM32F4xx_HAL_Driver/Src/stm32f4xx_hal_tim_ex.o
 .debug_abbrev  0x000022b6      0x31b ./Drivers/STM32F4xx_HAL_Driver/Src/stm32f4xx_hal_uart.o

.debug_aranges  0x00000000     0x1118
 .debug_aranges
                0x00000000      0x1a0 ./Core/Src/NRF24.o
 .debug_aranges
                0x000001a0       0x90 ./Core/Src/main.o
 .debug_aranges
                0x00000230       0x78 ./Core/Src/stm32f4xx_hal_msp.o
 .debug_aranges
                0x000002a8       0x88 ./Core/Src/stm32f4xx_it.o
 .debug_aranges
                0x00000330       0x20 ./Core/Src/sysmem.o
 .debug_aranges
                0x00000350       0x28 ./Core/Src/system_stm32f4xx.o
 .debug_aranges
                0x00000378       0x28 ./Core/Startup/startup_stm32f411ceux.o
 .debug_aranges
                0x000003a0       0xf0 ./Drivers/STM32F4xx_HAL_Driver/Src/stm32f4xx_hal.o
 .debug_aranges
                0x00000490       0xe8 ./Drivers/STM32F4xx_HAL_Driver/Src/stm32f4xx_hal_adc.o
 .debug_aranges
                0x00000578      0x120 ./Drivers/STM32F4xx_HAL_Driver/Src/stm32f4xx_hal_cortex.o
 .debug_aranges
                0x00000698       0x90 ./Drivers/STM32F4xx_HAL_Driver/Src/stm32f4xx_hal_dma.o
 .debug_aranges
                0x00000728       0x58 ./Drivers/STM32F4xx_HAL_Driver/Src/stm32f4xx_hal_gpio.o
 .debug_aranges
                0x00000780       0x88 ./Drivers/STM32F4xx_HAL_Driver/Src/stm32f4xx_hal_rcc.o
 .debug_aranges
                0x00000808      0x1d0 ./Drivers/STM32F4xx_HAL_Driver/Src/stm32f4xx_hal_spi.o
 .debug_aranges
                0x000009d8      0x3d0 ./Drivers/STM32F4xx_HAL_Driver/Src/stm32f4xx_hal_tim.o
 .debug_aranges
                0x00000da8      0x168 ./Drivers/STM32F4xx_HAL_Driver/Src/stm32f4xx_hal_tim_ex.o
 .debug_aranges
                0x00000f10      0x208 ./Drivers/STM32F4xx_HAL_Driver/Src/stm32f4xx_hal_uart.o

.debug_rnglists
                0x00000000      0xd5b
 .debug_rnglists
                0x00000000      0x136 ./Core/Src/NRF24.o
 .debug_rnglists
                0x00000136       0x6f ./Core/Src/main.o
 .debug_rnglists
                0x000001a5       0x58 ./Core/Src/stm32f4xx_hal_msp.o
 .debug_rnglists
                0x000001fd       0x61 ./Core/Src/stm32f4xx_it.o
 .debug_rnglists
                0x0000025e       0x13 ./Core/Src/sysmem.o
 .debug_rnglists
                0x00000271       0x1a ./Core/Src/system_stm32f4xx.o
 .debug_rnglists
                0x0000028b       0x19 ./Core/Startup/startup_stm32f411ceux.o
 .debug_rnglists
                0x000002a4       0xaf ./Drivers/STM32F4xx_HAL_Driver/Src/stm32f4xx_hal.o
 .debug_rnglists
                0x00000353       0xb5 ./Drivers/STM32F4xx_HAL_Driver/Src/stm32f4xx_hal_adc.o
 .debug_rnglists
                0x00000408       0xd4 ./Drivers/STM32F4xx_HAL_Driver/Src/stm32f4xx_hal_cortex.o
 .debug_rnglists
                0x000004dc       0x70 ./Drivers/STM32F4xx_HAL_Driver/Src/stm32f4xx_hal_dma.o
 .debug_rnglists
                0x0000054c       0x3f ./Drivers/STM32F4xx_HAL_Driver/Src/stm32f4xx_hal_gpio.o
 .debug_rnglists
                0x0000058b       0x66 ./Drivers/STM32F4xx_HAL_Driver/Src/stm32f4xx_hal_rcc.o
 .debug_rnglists
                0x000005f1      0x16f ./Drivers/STM32F4xx_HAL_Driver/Src/stm32f4xx_hal_spi.o
 .debug_rnglists
                0x00000760      0x31a ./Drivers/STM32F4xx_HAL_Driver/Src/stm32f4xx_hal_tim.o
 .debug_rnglists
                0x00000a7a      0x125 ./Drivers/STM32F4xx_HAL_Driver/Src/stm32f4xx_hal_tim_ex.o
 .debug_rnglists
                0x00000b9f      0x1bc ./Drivers/STM32F4xx_HAL_Driver/Src/stm32f4xx_hal_uart.o

.debug_macro    0x00000000    0x18ae4
 .debug_macro   0x00000000      0x2f7 ./Core/Src/NRF24.o
 .debug_macro   0x000002f7      0xab4 ./Core/Src/NRF24.o
 .debug_macro   0x00000dab       0x22 ./Core/Src/NRF24.o
 .debug_macro   0x00000dcd       0x5b ./Core/Src/NRF24.o
 .debug_macro   0x00000e28       0x2a ./Core/Src/NRF24.o
 .debug_macro   0x00000e52       0x94 ./Core/Src/NRF24.o
 .debug_macro   0x00000ee6       0x43 ./Core/Src/NRF24.o
 .debug_macro   0x00000f29       0x34 ./Core/Src/NRF24.o
 .debug_macro   0x00000f5d       0x16 ./Core/Src/NRF24.o
 .debug_macro   0x00000f73       0x57 ./Core/Src/NRF24.o
 .debug_macro   0x00000fca       0x9e ./Core/Src/NRF24.o
 .debug_macro   0x00001068      0x369 ./Core/Src/NRF24.o
 .debug_macro   0x000013d1      0x10b ./Core/Src/NRF24.o
 .debug_macro   0x000014dc       0x10 ./Core/Src/NRF24.o
 .debug_macro   0x000014ec       0x16 ./Core/Src/NRF24.o
 .debug_macro   0x00001502       0x43 ./Core/Src/NRF24.o
 .debug_macro   0x00001545       0x34 ./Core/Src/NRF24.o
 .debug_macro   0x00001579       0x10 ./Core/Src/NRF24.o
 .debug_macro   0x00001589       0x58 ./Core/Src/NRF24.o
 .debug_macro   0x000015e1       0x8e ./Core/Src/NRF24.o
 .debug_macro   0x0000166f       0x1c ./Core/Src/NRF24.o
 .debug_macro   0x0000168b      0x177 ./Core/Src/NRF24.o
 .debug_macro   0x00001802       0x16 ./Core/Src/NRF24.o
 .debug_macro   0x00001818       0x16 ./Core/Src/NRF24.o
 .debug_macro   0x0000182e      0x146 ./Core/Src/NRF24.o
 .debug_macro   0x00001974      0x2a7 ./Core/Src/NRF24.o
 .debug_macro   0x00001c1b       0x2e ./Core/Src/NRF24.o
 .debug_macro   0x00001c49       0x28 ./Core/Src/NRF24.o
 .debug_macro   0x00001c71      0x103 ./Core/Src/NRF24.o
 .debug_macro   0x00001d74       0x6a ./Core/Src/NRF24.o
 .debug_macro   0x00001dde      0x1df ./Core/Src/NRF24.o
 .debug_macro   0x00001fbd       0x1c ./Core/Src/NRF24.o
 .debug_macro   0x00001fd9       0x22 ./Core/Src/NRF24.o
 .debug_macro   0x00001ffb       0xfb ./Core/Src/NRF24.o
 .debug_macro   0x000020f6     0x1011 ./Core/Src/NRF24.o
 .debug_macro   0x00003107      0x11f ./Core/Src/NRF24.o
 .debug_macro   0x00003226     0xb953 ./Core/Src/NRF24.o
 .debug_macro   0x0000eb79       0x6d ./Core/Src/NRF24.o
 .debug_macro   0x0000ebe6     0x368c ./Core/Src/NRF24.o
 .debug_macro   0x00012272       0x56 ./Core/Src/NRF24.o
 .debug_macro   0x000122c8      0x45c ./Core/Src/NRF24.o
 .debug_macro   0x00012724      0x9e9 ./Core/Src/NRF24.o
 .debug_macro   0x0001310d      0x115 ./Core/Src/NRF24.o
 .debug_macro   0x00013222      0x11b ./Core/Src/NRF24.o
 .debug_macro   0x0001333d       0xa5 ./Core/Src/NRF24.o
 .debug_macro   0x000133e2      0x15f ./Core/Src/NRF24.o
 .debug_macro   0x00013541      0x287 ./Core/Src/NRF24.o
 .debug_macro   0x000137c8       0x5f ./Core/Src/NRF24.o
 .debug_macro   0x00013827      0x236 ./Core/Src/NRF24.o
 .debug_macro   0x00013a5d      0x9e1 ./Core/Src/NRF24.o
 .debug_macro   0x0001443e      0x38b ./Core/Src/NRF24.o
 .debug_macro   0x000147c9      0x17d ./Core/Src/NRF24.o
 .debug_macro   0x00014946       0xf9 ./Core/Src/NRF24.o
 .debug_macro   0x00014a3f      0x132 ./Core/Src/NRF24.o
 .debug_macro   0x00014b71      0x264 ./Core/Src/NRF24.o
 .debug_macro   0x00014dd5       0x2e ./Core/Src/NRF24.o
 .debug_macro   0x00014e03      0x127 ./Core/Src/NRF24.o
 .debug_macro   0x00014f2a       0x85 ./Core/Src/NRF24.o
 .debug_macro   0x00014faf       0x89 ./Core/Src/NRF24.o
 .debug_macro   0x00015038      0x225 ./Core/Src/NRF24.o
 .debug_macro   0x0001525d      0x8ed ./Core/Src/NRF24.o
 .debug_macro   0x00015b4a       0x47 ./Core/Src/NRF24.o
 .debug_macro   0x00015b91      0x2aa ./Core/Src/NRF24.o
 .debug_macro   0x00015e3b      0x126 ./Core/Src/NRF24.o
 .debug_macro   0x00015f61       0x4c ./Core/Src/NRF24.o
 .debug_macro   0x00015fad       0x3a ./Core/Src/NRF24.o
 .debug_macro   0x00015fe7      0x232 ./Core/Src/NRF24.o
 .debug_macro   0x00016219      0x3e4 ./Core/Src/main.o
 .debug_macro   0x000165fd       0x8e ./Core/Src/main.o
 .debug_macro   0x0001668b       0x51 ./Core/Src/main.o
 .debug_macro   0x000166dc      0x189 ./Core/Src/main.o
 .debug_macro   0x00016865       0x5c ./Core/Src/main.o
 .debug_macro   0x000168c1       0x46 ./Core/Src/main.o
 .debug_macro   0x00016907       0x61 ./Core/Src/main.o
 .debug_macro   0x00016968       0x16 ./Core/Src/main.o
 .debug_macro   0x0001697e       0x35 ./Core/Src/main.o
 .debug_macro   0x000169b3       0x16 ./Core/Src/main.o
 .debug_macro   0x000169c9       0x29 ./Core/Src/main.o
 .debug_macro   0x000169f2       0x16 ./Core/Src/main.o
 .debug_macro   0x00016a08       0x20 ./Core/Src/main.o
 .debug_macro   0x00016a28       0x22 ./Core/Src/main.o
 .debug_macro   0x00016a4a       0x16 ./Core/Src/main.o
 .debug_macro   0x00016a60       0x10 ./Core/Src/main.o
 .debug_macro   0x00016a70       0x10 ./Core/Src/main.o
 .debug_macro   0x00016a80       0x10 ./Core/Src/main.o
 .debug_macro   0x00016a90       0x1c ./Core/Src/main.o
 .debug_macro   0x00016aac       0x52 ./Core/Src/main.o
 .debug_macro   0x00016afe       0x22 ./Core/Src/main.o
 .debug_macro   0x00016b20       0x10 ./Core/Src/main.o
 .debug_macro   0x00016b30       0x52 ./Core/Src/main.o
 .debug_macro   0x00016b82       0xcf ./Core/Src/main.o
 .debug_macro   0x00016c51       0x1c ./Core/Src/main.o
 .debug_macro   0x00016c6d       0x3d ./Core/Src/main.o
 .debug_macro   0x00016caa       0x35 ./Core/Src/main.o
 .debug_macro   0x00016cdf      0x20f ./Core/Src/stm32f4xx_hal_msp.o
 .debug_macro   0x00016eee      0x219 ./Core/Src/stm32f4xx_it.o
 .debug_macro   0x00017107       0xff ./Core/Src/sysmem.o
 .debug_macro   0x00017206      0x23c ./Core/Src/sysmem.o
 .debug_macro   0x00017442      0x200 ./Core/Src/system_stm32f4xx.o
 .debug_macro   0x00017642      0x260 ./Drivers/STM32F4xx_HAL_Driver/Src/stm32f4xx_hal.o
 .debug_macro   0x000178a2      0x201 ./Drivers/STM32F4xx_HAL_Driver/Src/stm32f4xx_hal_adc.o
 .debug_macro   0x00017aa3      0x200 ./Drivers/STM32F4xx_HAL_Driver/Src/stm32f4xx_hal_cortex.o
 .debug_macro   0x00017ca3      0x206 ./Drivers/STM32F4xx_HAL_Driver/Src/stm32f4xx_hal_dma.o
 .debug_macro   0x00017ea9      0x206 ./Drivers/STM32F4xx_HAL_Driver/Src/stm32f4xx_hal_gpio.o
 .debug_macro   0x000180af      0x224 ./Drivers/STM32F4xx_HAL_Driver/Src/stm32f4xx_hal_rcc.o
 .debug_macro   0x000182d3      0x20f ./Drivers/STM32F4xx_HAL_Driver/Src/stm32f4xx_hal_spi.o
 .debug_macro   0x000184e2      0x201 ./Drivers/STM32F4xx_HAL_Driver/Src/stm32f4xx_hal_tim.o
 .debug_macro   0x000186e3      0x200 ./Drivers/STM32F4xx_HAL_Driver/Src/stm32f4xx_hal_tim_ex.o
 .debug_macro   0x000188e3      0x201 ./Drivers/STM32F4xx_HAL_Driver/Src/stm32f4xx_hal_uart.o

.debug_line     0x00000000    0x12b2c
 .debug_line    0x00000000     0x1054 ./Core/Src/NRF24.o
 .debug_line    0x00001054      0xec8 ./Core/Src/main.o
 .debug_line    0x00001f1c      0x95a ./Core/Src/stm32f4xx_hal_msp.o
 .debug_line    0x00002876      0x8e7 ./Core/Src/stm32f4xx_it.o
 .debug_line    0x0000315d      0x583 ./Core/Src/sysmem.o
 .debug_line    0x000036e0      0x831 ./Core/Src/system_stm32f4xx.o
 .debug_line    0x00003f11       0x7a ./Core/Startup/startup_stm32f411ceux.o
 .debug_line    0x00003f8b      0xa9a ./Drivers/STM32F4xx_HAL_Driver/Src/stm32f4xx_hal.o
 .debug_line    0x00004a25     0x1262 ./Drivers/STM32F4xx_HAL_Driver/Src/stm32f4xx_hal_adc.o
 .debug_line    0x00005c87      0xd62 ./Drivers/STM32F4xx_HAL_Driver/Src/stm32f4xx_hal_cortex.o
 .debug_line    0x000069e9     0x100a ./Drivers/STM32F4xx_HAL_Driver/Src/stm32f4xx_hal_dma.o
 .debug_line    0x000079f3      0xbea ./Drivers/STM32F4xx_HAL_Driver/Src/stm32f4xx_hal_gpio.o
 .debug_line    0x000085dd      0xe0b ./Drivers/STM32F4xx_HAL_Driver/Src/stm32f4xx_hal_rcc.o
 .debug_line    0x000093e8     0x1d95 ./Drivers/STM32F4xx_HAL_Driver/Src/stm32f4xx_hal_spi.o
 .debug_line    0x0000b17d     0x3618 ./Drivers/STM32F4xx_HAL_Driver/Src/stm32f4xx_hal_tim.o
 .debug_line    0x0000e795     0x1a2b ./Drivers/STM32F4xx_HAL_Driver/Src/stm32f4xx_hal_tim_ex.o
 .debug_line    0x000101c0     0x296c ./Drivers/STM32F4xx_HAL_Driver/Src/stm32f4xx_hal_uart.o

.debug_str      0x00000000    0x9d260
 .debug_str     0x00000000    0x97f47 ./Core/Src/NRF24.o
                              0x98292 (size before relaxing)
 .debug_str     0x00097f47     0x1d3a ./Core/Src/main.o
                              0x99725 (size before relaxing)
 .debug_str     0x00099c81      0x148 ./Core/Src/stm32f4xx_hal_msp.o
                              0x94e48 (size before relaxing)
 .debug_str     0x00099dc9      0x179 ./Core/Src/stm32f4xx_it.o
                              0x9459d (size before relaxing)
 .debug_str     0x00099f42      0x4dc ./Core/Src/sysmem.o
                               0x60d3 (size before relaxing)
 .debug_str     0x0009a41e       0xdb ./Core/Src/system_stm32f4xx.o
                              0x93dd6 (size before relaxing)
 .debug_str     0x0009a4f9       0x44 ./Core/Startup/startup_stm32f411ceux.o
                                 0x86 (size before relaxing)
 .debug_str     0x0009a53d      0x5f7 ./Drivers/STM32F4xx_HAL_Driver/Src/stm32f4xx_hal.o
                              0x94802 (size before relaxing)
 .debug_str     0x0009ab34      0x268 ./Drivers/STM32F4xx_HAL_Driver/Src/stm32f4xx_hal_adc.o
                              0x943b1 (size before relaxing)
 .debug_str     0x0009ad9c      0x333 ./Drivers/STM32F4xx_HAL_Driver/Src/stm32f4xx_hal_cortex.o
                              0x9453a (size before relaxing)
 .debug_str     0x0009b0cf      0x2c7 ./Drivers/STM32F4xx_HAL_Driver/Src/stm32f4xx_hal_dma.o
                              0x941de (size before relaxing)
 .debug_str     0x0009b396       0xe8 ./Drivers/STM32F4xx_HAL_Driver/Src/stm32f4xx_hal_gpio.o
                              0x93f51 (size before relaxing)
 .debug_str     0x0009b47e      0x233 ./Drivers/STM32F4xx_HAL_Driver/Src/stm32f4xx_hal_rcc.o
                              0x9420a (size before relaxing)
 .debug_str     0x0009b6b1      0x51b ./Drivers/STM32F4xx_HAL_Driver/Src/stm32f4xx_hal_spi.o
                              0x94688 (size before relaxing)
 .debug_str     0x0009bbcc      0xcc2 ./Drivers/STM32F4xx_HAL_Driver/Src/stm32f4xx_hal_tim.o
                              0x9514e (size before relaxing)
 .debug_str     0x0009c88e      0x3e1 ./Drivers/STM32F4xx_HAL_Driver/Src/stm32f4xx_hal_tim_ex.o
                              0x9495a (size before relaxing)
 .debug_str     0x0009cc6f      0x5f1 ./Drivers/STM32F4xx_HAL_Driver/Src/stm32f4xx_hal_uart.o
                              0x947d9 (size before relaxing)

.comment        0x00000000       0x43
 .comment       0x00000000       0x43 ./Core/Src/NRF24.o
                                 0x44 (size before relaxing)
 .comment       0x00000043       0x44 ./Core/Src/main.o
 .comment       0x00000043       0x44 ./Core/Src/stm32f4xx_hal_msp.o
 .comment       0x00000043       0x44 ./Core/Src/stm32f4xx_it.o
 .comment       0x00000043       0x44 ./Core/Src/sysmem.o
 .comment       0x00000043       0x44 ./Core/Src/system_stm32f4xx.o
 .comment       0x00000043       0x44 ./Drivers/STM32F4xx_HAL_Driver/Src/stm32f4xx_hal.o
 .comment       0x00000043       0x44 ./Drivers/STM32F4xx_HAL_Driver/Src/stm32f4xx_hal_adc.o
 .comment       0x00000043       0x44 ./Drivers/STM32F4xx_HAL_Driver/Src/stm32f4xx_hal_cortex.o
 .comment       0x00000043       0x44 ./Drivers/STM32F4xx_HAL_Driver/Src/stm32f4xx_hal_dma.o
 .comment       0x00000043       0x44 ./Drivers/STM32F4xx_HAL_Driver/Src/stm32f4xx_hal_gpio.o
 .comment       0x00000043       0x44 ./Drivers/STM32F4xx_HAL_Driver/Src/stm32f4xx_hal_rcc.o
 .comment       0x00000043       0x44 ./Drivers/STM32F4xx_HAL_Driver/Src/stm32f4xx_hal_spi.o
 .comment       0x00000043       0x44 ./Drivers/STM32F4xx_HAL_Driver/Src/stm32f4xx_hal_tim.o
 .comment       0x00000043       0x44 ./Drivers/STM32F4xx_HAL_Driver/Src/stm32f4xx_hal_tim_ex.o
 .comment       0x00000043       0x44 ./Drivers/STM32F4xx_HAL_Driver/Src/stm32f4xx_hal_uart.o

.debug_frame    0x00000000     0x4dc8
 .debug_frame   0x00000000      0x6bc ./Core/Src/NRF24.o
 .debug_frame   0x000006bc      0x21c ./Core/Src/main.o
 .debug_frame   0x000008d8      0x1cc ./Core/Src/stm32f4xx_hal_msp.o
 .debug_frame   0x00000aa4      0x190 ./Core/Src/stm32f4xx_it.o
 .debug_frame   0x00000c34       0x34 ./Core/Src/sysmem.o
 .debug_frame   0x00000c68       0x58 ./Core/Src/system_stm32f4xx.o
 .debug_frame   0x00000cc0      0x374 ./Drivers/STM32F4xx_HAL_Driver/Src/stm32f4xx_hal.o
 .debug_frame   0x00001034      0x3fc ./Drivers/STM32F4xx_HAL_Driver/Src/stm32f4xx_hal_adc.o
 .debug_frame   0x00001430      0x4b8 ./Drivers/STM32F4xx_HAL_Driver/Src/stm32f4xx_hal_cortex.o
 .debug_frame   0x000018e8      0x250 ./Drivers/STM32F4xx_HAL_Driver/Src/stm32f4xx_hal_dma.o
 .debug_frame   0x00001b38      0x14c ./Drivers/STM32F4xx_HAL_Driver/Src/stm32f4xx_hal_gpio.o
 .debug_frame   0x00001c84      0x1f4 ./Drivers/STM32F4xx_HAL_Driver/Src/stm32f4xx_hal_rcc.o
 .debug_frame   0x00001e78      0x828 ./Drivers/STM32F4xx_HAL_Driver/Src/stm32f4xx_hal_spi.o
 .debug_frame   0x000026a0     0x11b8 ./Drivers/STM32F4xx_HAL_Driver/Src/stm32f4xx_hal_tim.o
 .debug_frame   0x00003858      0x638 ./Drivers/STM32F4xx_HAL_Driver/Src/stm32f4xx_hal_tim_ex.o
 .debug_frame   0x00003e90      0x954 ./Drivers/STM32F4xx_HAL_Driver/Src/stm32f4xx_hal_uart.o
 .debug_frame   0x000047e4      0x144 C:/ST/STM32CubeIDE_1.15.1/STM32CubeIDE/plugins/com.st.stm32cube.ide.mcu.externaltools.gnu-tools-for-stm32.12.3.rel1.win32_1.0.100.202403111256/tools/bin/../lib/gcc/arm-none-eabi/12.3.1/../../../../arm-none-eabi/lib/thumb/v7e-m+fp/hard\libc_nano.a(libc_a-findfp.o)
 .debug_frame   0x00004928       0x6c C:/ST/STM32CubeIDE_1.15.1/STM32CubeIDE/plugins/com.st.stm32cube.ide.mcu.externaltools.gnu-tools-for-stm32.12.3.rel1.win32_1.0.100.202403111256/tools/bin/../lib/gcc/arm-none-eabi/12.3.1/../../../../arm-none-eabi/lib/thumb/v7e-m+fp/hard\libc_nano.a(libc_a-sprintf.o)
 .debug_frame   0x00004994       0x20 C:/ST/STM32CubeIDE_1.15.1/STM32CubeIDE/plugins/com.st.stm32cube.ide.mcu.externaltools.gnu-tools-for-stm32.12.3.rel1.win32_1.0.100.202403111256/tools/bin/../lib/gcc/arm-none-eabi/12.3.1/../../../../arm-none-eabi/lib/thumb/v7e-m+fp/hard\libc_nano.a(libc_a-memset.o)
 .debug_frame   0x000049b4       0x38 C:/ST/STM32CubeIDE_1.15.1/STM32CubeIDE/plugins/com.st.stm32cube.ide.mcu.externaltools.gnu-tools-for-stm32.12.3.rel1.win32_1.0.100.202403111256/tools/bin/../lib/gcc/arm-none-eabi/12.3.1/../../../../arm-none-eabi/lib/thumb/v7e-m+fp/hard\libc_nano.a(libc_a-reent.o)
 .debug_frame   0x000049ec       0x20 C:/ST/STM32CubeIDE_1.15.1/STM32CubeIDE/plugins/com.st.stm32cube.ide.mcu.externaltools.gnu-tools-for-stm32.12.3.rel1.win32_1.0.100.202403111256/tools/bin/../lib/gcc/arm-none-eabi/12.3.1/../../../../arm-none-eabi/lib/thumb/v7e-m+fp/hard\libc_nano.a(libc_a-errno.o)
 .debug_frame   0x00004a0c       0x2c C:/ST/STM32CubeIDE_1.15.1/STM32CubeIDE/plugins/com.st.stm32cube.ide.mcu.externaltools.gnu-tools-for-stm32.12.3.rel1.win32_1.0.100.202403111256/tools/bin/../lib/gcc/arm-none-eabi/12.3.1/../../../../arm-none-eabi/lib/thumb/v7e-m+fp/hard\libc_nano.a(libc_a-init.o)
 .debug_frame   0x00004a38       0xb0 C:/ST/STM32CubeIDE_1.15.1/STM32CubeIDE/plugins/com.st.stm32cube.ide.mcu.externaltools.gnu-tools-for-stm32.12.3.rel1.win32_1.0.100.202403111256/tools/bin/../lib/gcc/arm-none-eabi/12.3.1/../../../../arm-none-eabi/lib/thumb/v7e-m+fp/hard\libc_nano.a(libc_a-lock.o)
 .debug_frame   0x00004ae8       0x38 C:/ST/STM32CubeIDE_1.15.1/STM32CubeIDE/plugins/com.st.stm32cube.ide.mcu.externaltools.gnu-tools-for-stm32.12.3.rel1.win32_1.0.100.202403111256/tools/bin/../lib/gcc/arm-none-eabi/12.3.1/../../../../arm-none-eabi/lib/thumb/v7e-m+fp/hard\libc_nano.a(libc_a-freer.o)
 .debug_frame   0x00004b20       0x50 C:/ST/STM32CubeIDE_1.15.1/STM32CubeIDE/plugins/com.st.stm32cube.ide.mcu.externaltools.gnu-tools-for-stm32.12.3.rel1.win32_1.0.100.202403111256/tools/bin/../lib/gcc/arm-none-eabi/12.3.1/../../../../arm-none-eabi/lib/thumb/v7e-m+fp/hard\libc_nano.a(libc_a-mallocr.o)
 .debug_frame   0x00004b70       0x30 C:/ST/STM32CubeIDE_1.15.1/STM32CubeIDE/plugins/com.st.stm32cube.ide.mcu.externaltools.gnu-tools-for-stm32.12.3.rel1.win32_1.0.100.202403111256/tools/bin/../lib/gcc/arm-none-eabi/12.3.1/../../../../arm-none-eabi/lib/thumb/v7e-m+fp/hard\libc_nano.a(libc_a-mlock.o)
 .debug_frame   0x00004ba0       0x90 C:/ST/STM32CubeIDE_1.15.1/STM32CubeIDE/plugins/com.st.stm32cube.ide.mcu.externaltools.gnu-tools-for-stm32.12.3.rel1.win32_1.0.100.202403111256/tools/bin/../lib/gcc/arm-none-eabi/12.3.1/../../../../arm-none-eabi/lib/thumb/v7e-m+fp/hard\libc_nano.a(libc_a-nano-svfprintf.o)
 .debug_frame   0x00004c30       0x60 C:/ST/STM32CubeIDE_1.15.1/STM32CubeIDE/plugins/com.st.stm32cube.ide.mcu.externaltools.gnu-tools-for-stm32.12.3.rel1.win32_1.0.100.202403111256/tools/bin/../lib/gcc/arm-none-eabi/12.3.1/../../../../arm-none-eabi/lib/thumb/v7e-m+fp/hard\libc_nano.a(libc_a-nano-vfprintf_i.o)
 .debug_frame   0x00004c90       0x28 C:/ST/STM32CubeIDE_1.15.1/STM32CubeIDE/plugins/com.st.stm32cube.ide.mcu.externaltools.gnu-tools-for-stm32.12.3.rel1.win32_1.0.100.202403111256/tools/bin/../lib/gcc/arm-none-eabi/12.3.1/../../../../arm-none-eabi/lib/thumb/v7e-m+fp/hard\libc_nano.a(libc_a-memmove.o)
 .debug_frame   0x00004cb8       0x2c C:/ST/STM32CubeIDE_1.15.1/STM32CubeIDE/plugins/com.st.stm32cube.ide.mcu.externaltools.gnu-tools-for-stm32.12.3.rel1.win32_1.0.100.202403111256/tools/bin/../lib/gcc/arm-none-eabi/12.3.1/../../../../arm-none-eabi/lib/thumb/v7e-m+fp/hard\libc_nano.a(libc_a-sbrkr.o)
 .debug_frame   0x00004ce4       0x28 C:/ST/STM32CubeIDE_1.15.1/STM32CubeIDE/plugins/com.st.stm32cube.ide.mcu.externaltools.gnu-tools-for-stm32.12.3.rel1.win32_1.0.100.202403111256/tools/bin/../lib/gcc/arm-none-eabi/12.3.1/../../../../arm-none-eabi/lib/thumb/v7e-m+fp/hard\libc_nano.a(libc_a-memcpy-stub.o)
 .debug_frame   0x00004d0c       0x3c C:/ST/STM32CubeIDE_1.15.1/STM32CubeIDE/plugins/com.st.stm32cube.ide.mcu.externaltools.gnu-tools-for-stm32.12.3.rel1.win32_1.0.100.202403111256/tools/bin/../lib/gcc/arm-none-eabi/12.3.1/../../../../arm-none-eabi/lib/thumb/v7e-m+fp/hard\libc_nano.a(libc_a-reallocr.o)
 .debug_frame   0x00004d48       0x20 C:/ST/STM32CubeIDE_1.15.1/STM32CubeIDE/plugins/com.st.stm32cube.ide.mcu.externaltools.gnu-tools-for-stm32.12.3.rel1.win32_1.0.100.202403111256/tools/bin/../lib/gcc/arm-none-eabi/12.3.1/../../../../arm-none-eabi/lib/thumb/v7e-m+fp/hard\libc_nano.a(libc_a-msizer.o)
 .debug_frame   0x00004d68       0x2c C:/ST/STM32CubeIDE_1.15.1/STM32CubeIDE/plugins/com.st.stm32cube.ide.mcu.externaltools.gnu-tools-for-stm32.12.3.rel1.win32_1.0.100.202403111256/tools/bin/../lib/gcc/arm-none-eabi/12.3.1/thumb/v7e-m+fp/hard\libgcc.a(_aeabi_uldivmod.o)
 .debug_frame   0x00004d94       0x34 C:/ST/STM32CubeIDE_1.15.1/STM32CubeIDE/plugins/com.st.stm32cube.ide.mcu.externaltools.gnu-tools-for-stm32.12.3.rel1.win32_1.0.100.202403111256/tools/bin/../lib/gcc/arm-none-eabi/12.3.1/thumb/v7e-m+fp/hard\libgcc.a(_udivmoddi4.o)

.debug_line_str
                0x00000000       0x6a
 .debug_line_str
                0x00000000       0x6a ./Core/Startup/startup_stm32f411ceux.o
