../Core/Src/main.c:107:6:nrf_packet_received	24	static
../Core/Src/main.c:124:6:HAL_TIM_PeriodElapsedCallback	16	static
../Core/Src/main.c:154:6:HAL_ADC_ConvHalfCpltCallback	24	static
../Core/Src/main.c:172:6:HAL_ADC_ConvCpltCallback	24	static
../Core/Src/main.c:194:5:main	64	static
../Core/Src/main.c:342:6:SystemClock_Config	88	static
../Core/Src/main.c:389:13:MX_ADC1_Init	24	static
../Core/Src/main.c:441:13:MX_I2C2_Init	8	static
../Core/Src/main.c:475:13:MX_SPI1_Init	8	static
../Core/Src/main.c:513:13:MX_TIM1_Init	80	static
../Core/Src/main.c:577:13:MX_TIM2_Init	32	static
../Core/Src/main.c:622:13:MX_USART2_UART_Init	8	static
../Core/Src/main.c:653:13:MX_DMA_Init	16	static
../Core/Src/main.c:671:13:MX_GPIO_Init	40	static
../Core/Src/main.c:713:6:Error_Handler	4	static,ignoring_inline_asm
