../Core/Src/main.c:106:6:nrf_packet_received	24	static
../Core/Src/main.c:123:6:HAL_TIM_PeriodElapsedCallback	24	static
../Core/Src/main.c:153:6:HAL_ADC_ConvHalfCpltCallback	24	static
../Core/Src/main.c:171:6:HAL_ADC_ConvCpltCallback	24	static
../Core/Src/main.c:190:6:HAL_GPIO_EXTI_Callback	24	static
../Core/Src/main.c:229:5:main	64	static
../Core/Src/main.c:376:6:SystemClock_Config	88	static
../Core/Src/main.c:423:13:MX_ADC1_Init	24	static
../Core/Src/main.c:475:13:MX_SPI1_Init	8	static
../Core/Src/main.c:513:13:MX_TIM1_Init	80	static
../Core/Src/main.c:577:13:MX_TIM2_Init	32	static
../Core/Src/main.c:622:13:MX_USART2_UART_Init	8	static
../Core/Src/main.c:653:13:MX_DMA_Init	16	static
../Core/Src/main.c:671:13:MX_GPIO_Init	40	static
../Core/Src/main.c:722:6:Error_Handler	4	static,ignoring_inline_asm
